Archive member included to satisfy reference by file (symbol)

c:/ac6/systemworkbench/plugins/fr.ac6.mcu.externaltools.arm-none.win32_1.13.1.201701261202/tools/compiler/bin/../lib/gcc/arm-none-eabi/5.4.1/armv7e-m/fpu\libgcc.a(_aeabi_uldivmod.o)
                              Drivers/STM32L4xx_HAL_Driver/Src/stm32l4xx_hal_uart.o (__aeabi_uldivmod)
c:/ac6/systemworkbench/plugins/fr.ac6.mcu.externaltools.arm-none.win32_1.13.1.201701261202/tools/compiler/bin/../lib/gcc/arm-none-eabi/5.4.1/armv7e-m/fpu\libgcc.a(_udivmoddi4.o)
                              c:/ac6/systemworkbench/plugins/fr.ac6.mcu.externaltools.arm-none.win32_1.13.1.201701261202/tools/compiler/bin/../lib/gcc/arm-none-eabi/5.4.1/armv7e-m/fpu\libgcc.a(_aeabi_uldivmod.o) (__udivmoddi4)
c:/ac6/systemworkbench/plugins/fr.ac6.mcu.externaltools.arm-none.win32_1.13.1.201701261202/tools/compiler/bin/../lib/gcc/arm-none-eabi/5.4.1/armv7e-m/fpu\libgcc.a(_dvmd_tls.o)
                              c:/ac6/systemworkbench/plugins/fr.ac6.mcu.externaltools.arm-none.win32_1.13.1.201701261202/tools/compiler/bin/../lib/gcc/arm-none-eabi/5.4.1/armv7e-m/fpu\libgcc.a(_aeabi_uldivmod.o) (__aeabi_ldiv0)
c:/ac6/systemworkbench/plugins/fr.ac6.mcu.externaltools.arm-none.win32_1.13.1.201701261202/tools/compiler/bin/../lib/gcc/arm-none-eabi/5.4.1/../../../../arm-none-eabi/lib/armv7e-m/fpu\libc_nano.a(lib_a-exit.o)
                              c:/ac6/systemworkbench/plugins/fr.ac6.mcu.externaltools.arm-none.win32_1.13.1.201701261202/tools/compiler/bin/../lib/gcc/arm-none-eabi/5.4.1/../../../../arm-none-eabi/lib/armv7e-m/fpu/crt0.o (exit)
c:/ac6/systemworkbench/plugins/fr.ac6.mcu.externaltools.arm-none.win32_1.13.1.201701261202/tools/compiler/bin/../lib/gcc/arm-none-eabi/5.4.1/../../../../arm-none-eabi/lib/armv7e-m/fpu\libc_nano.a(lib_a-impure.o)
                              c:/ac6/systemworkbench/plugins/fr.ac6.mcu.externaltools.arm-none.win32_1.13.1.201701261202/tools/compiler/bin/../lib/gcc/arm-none-eabi/5.4.1/../../../../arm-none-eabi/lib/armv7e-m/fpu\libc_nano.a(lib_a-exit.o) (_global_impure_ptr)
c:/ac6/systemworkbench/plugins/fr.ac6.mcu.externaltools.arm-none.win32_1.13.1.201701261202/tools/compiler/bin/../lib/gcc/arm-none-eabi/5.4.1/../../../../arm-none-eabi/lib/armv7e-m/fpu\libc_nano.a(lib_a-init.o)
                              c:/ac6/systemworkbench/plugins/fr.ac6.mcu.externaltools.arm-none.win32_1.13.1.201701261202/tools/compiler/bin/../lib/gcc/arm-none-eabi/5.4.1/../../../../arm-none-eabi/lib/armv7e-m/fpu/crt0.o (__libc_init_array)
c:/ac6/systemworkbench/plugins/fr.ac6.mcu.externaltools.arm-none.win32_1.13.1.201701261202/tools/compiler/bin/../lib/gcc/arm-none-eabi/5.4.1/../../../../arm-none-eabi/lib/armv7e-m/fpu\libc_nano.a(lib_a-malloc.o)
                              Drivers/SPIFlashDriver/spi_flash.o (malloc)
c:/ac6/systemworkbench/plugins/fr.ac6.mcu.externaltools.arm-none.win32_1.13.1.201701261202/tools/compiler/bin/../lib/gcc/arm-none-eabi/5.4.1/../../../../arm-none-eabi/lib/armv7e-m/fpu\libc_nano.a(lib_a-memcmp.o)
                              Src/main.o (memcmp)
c:/ac6/systemworkbench/plugins/fr.ac6.mcu.externaltools.arm-none.win32_1.13.1.201701261202/tools/compiler/bin/../lib/gcc/arm-none-eabi/5.4.1/../../../../arm-none-eabi/lib/armv7e-m/fpu\libc_nano.a(lib_a-memcpy-stub.o)
                              Drivers/SPIFlashDriver/spi_flash.o (memcpy)
c:/ac6/systemworkbench/plugins/fr.ac6.mcu.externaltools.arm-none.win32_1.13.1.201701261202/tools/compiler/bin/../lib/gcc/arm-none-eabi/5.4.1/../../../../arm-none-eabi/lib/armv7e-m/fpu\libc_nano.a(lib_a-memset.o)
                              c:/ac6/systemworkbench/plugins/fr.ac6.mcu.externaltools.arm-none.win32_1.13.1.201701261202/tools/compiler/bin/../lib/gcc/arm-none-eabi/5.4.1/../../../../arm-none-eabi/lib/armv7e-m/fpu/crt0.o (memset)
c:/ac6/systemworkbench/plugins/fr.ac6.mcu.externaltools.arm-none.win32_1.13.1.201701261202/tools/compiler/bin/../lib/gcc/arm-none-eabi/5.4.1/../../../../arm-none-eabi/lib/armv7e-m/fpu\libc_nano.a(lib_a-nano-freer.o)
                              c:/ac6/systemworkbench/plugins/fr.ac6.mcu.externaltools.arm-none.win32_1.13.1.201701261202/tools/compiler/bin/../lib/gcc/arm-none-eabi/5.4.1/../../../../arm-none-eabi/lib/armv7e-m/fpu\libc_nano.a(lib_a-malloc.o) (_free_r)
c:/ac6/systemworkbench/plugins/fr.ac6.mcu.externaltools.arm-none.win32_1.13.1.201701261202/tools/compiler/bin/../lib/gcc/arm-none-eabi/5.4.1/../../../../arm-none-eabi/lib/armv7e-m/fpu\libc_nano.a(lib_a-nano-mallocr.o)
                              c:/ac6/systemworkbench/plugins/fr.ac6.mcu.externaltools.arm-none.win32_1.13.1.201701261202/tools/compiler/bin/../lib/gcc/arm-none-eabi/5.4.1/../../../../arm-none-eabi/lib/armv7e-m/fpu\libc_nano.a(lib_a-malloc.o) (_malloc_r)
c:/ac6/systemworkbench/plugins/fr.ac6.mcu.externaltools.arm-none.win32_1.13.1.201701261202/tools/compiler/bin/../lib/gcc/arm-none-eabi/5.4.1/../../../../arm-none-eabi/lib/armv7e-m/fpu\libc_nano.a(lib_a-sbrkr.o)
[...]
Memory Configuration

Name             Origin             Length             Attributes
RAM              0x20000000         0x00010000         xrw
RAM2             0x10000000         0x00000000         xrw
FLASH            0x08000000         0x00006000         xr
*default*        0x00000000         0xffffffff

Linker script and memory map

LOAD c:/ac6/systemworkbench/plugins/fr.ac6.mcu.externaltools.arm-none.win32_1.13.1.201701261202/tools/compiler/bin/../lib/gcc/arm-none-eabi/5.4.1/armv7e-m/fpu/crti.o
LOAD c:/ac6/systemworkbench/plugins/fr.ac6.mcu.externaltools.arm-none.win32_1.13.1.201701261202/tools/compiler/bin/../lib/gcc/arm-none-eabi/5.4.1/armv7e-m/fpu/crtbegin.o
LOAD c:/ac6/systemworkbench/plugins/fr.ac6.mcu.externaltools.arm-none.win32_1.13.1.201701261202/tools/compiler/bin/../lib/gcc/arm-none-eabi/5.4.1/../../../../arm-none-eabi/lib/armv7e-m/fpu/crt0.o
LOAD c:/ac6/systemworkbench/plugins/fr.ac6.mcu.externaltools.arm-none.win32_1.13.1.201701261202/tools/compiler/bin/../lib/gcc/arm-none-eabi/5.4.1/../../../../arm-none-eabi/lib/armv7e-m/fpu\libm.a
LOAD Drivers/SPIFlashDriver/spi_flash.o
LOAD Drivers/SPIFlashDriver/winbond.o
LOAD Drivers/STM32L4xx_HAL_Driver/Src/stm32l4xx_hal.o
LOAD Drivers/STM32L4xx_HAL_Driver/Src/stm32l4xx_hal_cortex.o
LOAD Drivers/STM32L4xx_HAL_Driver/Src/stm32l4xx_hal_dma.o
LOAD Drivers/STM32L4xx_HAL_Driver/Src/stm32l4xx_hal_flash.o
LOAD Drivers/STM32L4xx_HAL_Driver/Src/stm32l4xx_hal_flash_ex.o
LOAD Drivers/STM32L4xx_HAL_Driver/Src/stm32l4xx_hal_flash_ramfunc.o
LOAD Drivers/STM32L4xx_HAL_Driver/Src/stm32l4xx_hal_gpio.o
LOAD Drivers/STM32L4xx_HAL_Driver/Src/stm32l4xx_hal_i2c.o
LOAD Drivers/STM32L4xx_HAL_Driver/Src/stm32l4xx_hal_i2c_ex.o
LOAD Drivers/STM32L4xx_HAL_Driver/Src/stm32l4xx_hal_pwr.o
LOAD Drivers/STM32L4xx_HAL_Driver/Src/stm32l4xx_hal_pwr_ex.o
LOAD Drivers/STM32L4xx_HAL_Driver/Src/stm32l4xx_hal_rcc.o
LOAD Drivers/STM32L4xx_HAL_Driver/Src/stm32l4xx_hal_rcc_ex.o
LOAD Drivers/STM32L4xx_HAL_Driver/Src/stm32l4xx_hal_spi.o
LOAD Drivers/STM32L4xx_HAL_Driver/Src/stm32l4xx_hal_spi_ex.o
LOAD Drivers/STM32L4xx_HAL_Driver/Src/stm32l4xx_hal_tim.o
LOAD Drivers/STM32L4xx_HAL_Driver/Src/stm32l4xx_hal_tim_ex.o
LOAD Drivers/STM32L4xx_HAL_Driver/Src/stm32l4xx_hal_uart.o
LOAD Drivers/STM32L4xx_HAL_Driver/Src/stm32l4xx_hal_uart_ex.o
LOAD Src/gpio.o
LOAD Src/main.o
LOAD Src/spi.o
LOAD Src/stm32l4xx_hal_msp.o
LOAD Src/stm32l4xx_it.o
LOAD Src/system_stm32l4xx.o
LOAD Src/usart.o
LOAD startup/startup_stm32l476xx.o
START GROUP
LOAD c:/ac6/systemworkbench/plugins/fr.ac6.mcu.externaltools.arm-none.win32_1.13.1.201701261202/tools/compiler/bin/../lib/gcc/arm-none-eabi/5.4.1/armv7e-m/fpu\libgcc.a
LOAD c:/ac6/systemworkbench/plugins/fr.ac6.mcu.externaltools.arm-none.win32_1.13.1.201701261202/tools/compiler/bin/../lib/gcc/arm-none-eabi/5.4.1/../../../../arm-none-eabi/lib/armv7e-m/fpu\libc_nano.a
END GROUP
START GROUP
LOAD c:/ac6/systemworkbench/plugins/fr.ac6.mcu.externaltools.arm-none.win32_1.13.1.201701261202/tools/compiler/bin/../lib/gcc/arm-none-eabi/5.4.1/armv7e-m/fpu\libgcc.a
LOAD c:/ac6/systemworkbench/plugins/fr.ac6.mcu.externaltools.arm-none.win32_1.13.1.201701261202/tools/compiler/bin/../lib/gcc/arm-none-eabi/5.4.1/../../../../arm-none-eabi/lib/armv7e-m/fpu\libc_nano.a
LOAD c:/ac6/systemworkbench/plugins/fr.ac6.mcu.externaltools.arm-none.win32_1.13.1.201701261202/tools/compiler/bin/../lib/gcc/arm-none-eabi/5.4.1/../../../../arm-none-eabi/lib/armv7e-m/fpu\libnosys.a
END GROUP
START GROUP
LOAD c:/ac6/systemworkbench/plugins/fr.ac6.mcu.externaltools.arm-none.win32_1.13.1.201701261202/tools/compiler/bin/../lib/gcc/arm-none-eabi/5.4.1/armv7e-m/fpu\libgcc.a
LOAD c:/ac6/systemworkbench/plugins/fr.ac6.mcu.externaltools.arm-none.win32_1.13.1.201701261202/tools/compiler/bin/../lib/gcc/arm-none-eabi/5.4.1/../../../../arm-none-eabi/lib/armv7e-m/fpu\libc_nano.a
LOAD c:/ac6/systemworkbench/plugins/fr.ac6.mcu.externaltools.arm-none.win32_1.13.1.201701261202/tools/compiler/bin/../lib/gcc/arm-none-eabi/5.4.1/../../../../arm-none-eabi/lib/armv7e-m/fpu\libnosys.a
END GROUP
LOAD c:/ac6/systemworkbench/plugins/fr.ac6.mcu.externaltools.arm-none.win32_1.13.1.201701261202/tools/compiler/bin/../lib/gcc/arm-none-eabi/5.4.1/armv7e-m/fpu/crtend.o
LOAD c:/ac6/systemworkbench/plugins/fr.ac6.mcu.externaltools.arm-none.win32_1.13.1.201701261202/tools/compiler/bin/../lib/gcc/arm-none-eabi/5.4.1/armv7e-m/fpu/crtn.o
                0x20018000                _estack = 0x20018000
                0x00000200                _Min_Heap_Size = 0x200
                0x00000400                _Min_Stack_Size = 0x400

.isr_vector     0x08000000      0x188
                0x08000000                . = ALIGN (0x8)
 *(.isr_vector)
 .isr_vector    0x08000000      0x188 startup/startup_stm32l476xx.o
                0x08000000                g_pfnVectors
                0x08000188                . = ALIGN (0x8)

.text           0x08000190     0x4470
                0x08000190                . = ALIGN (0x8)
 *(.text)
 .text          0x08000190       0x5c c:/ac6/systemworkbench/plugins/fr.ac6.mcu.externaltools.arm-none.win32_1.13.1.201701261202/tools/compiler/bin/../lib/gcc/arm-none-eabi/5.4.1/armv7e-m/fpu/crtbegin.o
 .text          0x080001ec       0x30 c:/ac6/systemworkbench/plugins/fr.ac6.mcu.externaltools.arm-none.win32_1.13.1.201701261202/tools/compiler/bin/../lib/gcc/arm-none-eabi/5.4.1/armv7e-m/fpu\libgcc.a(_aeabi_uldivmod.o)
                0x080001ec                __aeabi_uldivmod
 .text          0x0800021c      0x2e4 c:/ac6/systemworkbench/plugins/fr.ac6.mcu.externaltools.arm-none.win32_1.13.1.201701261202/tools/compiler/bin/../lib/gcc/arm-none-eabi/5.4.1/armv7e-m/fpu\libgcc.a(_udivmoddi4.o)
                0x0800021c                __udivmoddi4
 .text          0x08000500        0x4 c:/ac6/systemworkbench/plugins/fr.ac6.mcu.externaltools.arm-none.win32_1.13.1.201701261202/tools/compiler/bin/../lib/gcc/arm-none-eabi/5.4.1/armv7e-m/fpu\libgcc.a(_dvmd_tls.o)
                0x08000500                __aeabi_idiv0
                0x08000500                __aeabi_ldiv0
 *fill*         0x08000504        0xc 
 .text          0x08000510       0xa0 c:/ac6/systemworkbench/plugins/fr.ac6.mcu.externaltools.arm-none.win32_1.13.1.201701261202/tools/compiler/bin/../lib/gcc/arm-none-eabi/5.4.1/../../../../arm-none-eabi/lib/armv7e-m/fpu\libc_nano.a(lib_a-memchr.o)
                0x08000510                memchr
 *(.text*)
 .text.spi_flash_addr
                0x080005b0        0xc Drivers/SPIFlashDriver/spi_flash.o
 .text.spi_xfer
                0x080005bc       0x50 Drivers/SPIFlashDriver/spi_flash.o
                0x080005bc                spi_xfer
 .text.spi_flash_cmd
                0x0800060c       0x24 Drivers/SPIFlashDriver/spi_flash.o
                0x0800060c                spi_flash_cmd
 .text.spi_flash_cmd_read
                0x08000630       0x18 Drivers/SPIFlashDriver/spi_flash.o
                0x08000630                spi_flash_cmd_read
 .text.spi_flash_cmd_read_fast
                0x08000648       0x34 Drivers/SPIFlashDriver/spi_flash.o
                0x08000648                spi_flash_cmd_read_fast
 .text.spi_flash_cmd_poll_bit
                0x0800067c       0x54 Drivers/SPIFlashDriver/spi_flash.o
                0x0800067c                spi_flash_cmd_poll_bit
 .text.spi_flash_cmd_wait_ready
                0x080006d0        0xc Drivers/SPIFlashDriver/spi_flash.o
                0x080006d0                spi_flash_cmd_wait_ready
 .text.spi_flash_cmd_write
                0x080006dc       0x4c Drivers/SPIFlashDriver/spi_flash.o
                0x080006dc                spi_flash_cmd_write
 .text.spi_flash_cmd_erase
                0x08000728       0x80 Drivers/SPIFlashDriver/spi_flash.o
                0x08000728                spi_flash_cmd_erase
 .text.spi_setup_slave
                0x080007a8       0x18 Drivers/SPIFlashDriver/spi_flash.o
                0x080007a8                spi_setup_slave
 .text.spi_flash_probe
                0x080007c0       0x60 Drivers/SPIFlashDriver/spi_flash.o
                0x080007c0                spi_flash_probe
 .text.winbond_erase
                0x08000820       0x10 Drivers/SPIFlashDriver/winbond.o
 .text.winbond_write
                0x08000830       0x9c Drivers/SPIFlashDriver/winbond.o
 .text.spi_flash_probe_winbond
                0x080008cc       0x80 Drivers/SPIFlashDriver/winbond.o
                0x080008cc                spi_flash_probe_winbond
 .text.HAL_MspDeInit
                0x0800094c        0x4 Drivers/STM32L4xx_HAL_Driver/Src/stm32l4xx_hal.o
                0x0800094c                HAL_MspDeInit
 .text.HAL_DeInit
                0x08000950       0x2c Drivers/STM32L4xx_HAL_Driver/Src/stm32l4xx_hal.o
                0x08000950                HAL_DeInit
 .text.HAL_InitTick
                0x0800097c       0x2c Drivers/STM32L4xx_HAL_Driver/Src/stm32l4xx_hal.o
                0x0800097c                HAL_InitTick
 .text.HAL_Init
                0x080009a8       0x24 Drivers/STM32L4xx_HAL_Driver/Src/stm32l4xx_hal.o
                0x080009a8                HAL_Init
 .text.HAL_IncTick
                0x080009cc       0x10 Drivers/STM32L4xx_HAL_Driver/Src/stm32l4xx_hal.o
                0x080009cc                HAL_IncTick
 .text.HAL_GetTick
                0x080009dc        0xc Drivers/STM32L4xx_HAL_Driver/Src/stm32l4xx_hal.o
                0x080009dc                HAL_GetTick
 .text.HAL_Delay
                0x080009e8       0x20 Drivers/STM32L4xx_HAL_Driver/Src/stm32l4xx_hal.o
                0x080009e8                HAL_Delay
 .text.HAL_NVIC_SetPriorityGrouping
                0x08000a08       0x24 Drivers/STM32L4xx_HAL_Driver/Src/stm32l4xx_hal_cortex.o
                0x08000a08                HAL_NVIC_SetPriorityGrouping
 .text.HAL_NVIC_SetPriority
                0x08000a2c       0x64 Drivers/STM32L4xx_HAL_Driver/Src/stm32l4xx_hal_cortex.o
                0x08000a2c                HAL_NVIC_SetPriority
 .text.HAL_SYSTICK_Config
                0x08000a90       0x2c Drivers/STM32L4xx_HAL_Driver/Src/stm32l4xx_hal_cortex.o
                0x08000a90                HAL_SYSTICK_Config
 .text.HAL_SYSTICK_CLKSourceConfig
                0x08000abc       0x20 Drivers/STM32L4xx_HAL_Driver/Src/stm32l4xx_hal_cortex.o
                0x08000abc                HAL_SYSTICK_CLKSourceConfig
 .text.HAL_SYSTICK_Callback
                0x08000adc        0x4 Drivers/STM32L4xx_HAL_Driver/Src/stm32l4xx_hal_cortex.o
                0x08000adc                HAL_SYSTICK_Callback
 .text.HAL_SYSTICK_IRQHandler
                0x08000ae0        0x8 Drivers/STM32L4xx_HAL_Driver/Src/stm32l4xx_hal_cortex.o
                0x08000ae0                HAL_SYSTICK_IRQHandler
 .text.FLASH_SetErrorCode
                0x08000ae8       0xf4 Drivers/STM32L4xx_HAL_Driver/Src/stm32l4xx_hal_flash.o
 .text.FLASH_Program_DoubleWord
                0x08000bdc       0x1c Drivers/STM32L4xx_HAL_Driver/Src/stm32l4xx_hal_flash.o
 .text.FLASH_Program_Fast
                0x08000bf8       0x28 Drivers/STM32L4xx_HAL_Driver/Src/stm32l4xx_hal_flash.o
 .text.HAL_FLASH_Unlock
                0x08000c20       0x24 Drivers/STM32L4xx_HAL_Driver/Src/stm32l4xx_hal_flash.o
                0x08000c20                HAL_FLASH_Unlock
 .text.HAL_FLASH_Lock
                0x08000c44       0x14 Drivers/STM32L4xx_HAL_Driver/Src/stm32l4xx_hal_flash.o
                0x08000c44                HAL_FLASH_Lock
 .text.HAL_FLASH_OB_Unlock
                0x08000c58       0x28 Drivers/STM32L4xx_HAL_Driver/Src/stm32l4xx_hal_flash.o
                0x08000c58                HAL_FLASH_OB_Unlock
 .text.HAL_FLASH_OB_Lock
                0x08000c80       0x14 Drivers/STM32L4xx_HAL_Driver/Src/stm32l4xx_hal_flash.o
                0x08000c80                HAL_FLASH_OB_Lock
 .text.FLASH_WaitForLastOperation
                0x08000c94       0xbc Drivers/STM32L4xx_HAL_Driver/Src/stm32l4xx_hal_flash.o
                0x08000c94                FLASH_WaitForLastOperation
 .text.HAL_FLASH_OB_Launch
                0x08000d50       0x1c Drivers/STM32L4xx_HAL_Driver/Src/stm32l4xx_hal_flash.o
                0x08000d50                HAL_FLASH_OB_Launch
 .text.FLASH_MassErase
                0x08000d6c       0x30 Drivers/STM32L4xx_HAL_Driver/Src/stm32l4xx_hal_flash_ex.o
 .text.FLASH_OB_GetWRP
                0x08000d9c       0x5c Drivers/STM32L4xx_HAL_Driver/Src/stm32l4xx_hal_flash_ex.o
 .text.FLASH_OB_GetRDP
                0x08000df8       0x24 Drivers/STM32L4xx_HAL_Driver/Src/stm32l4xx_hal_flash_ex.o
 .text.FLASH_OB_GetUser
                0x08000e1c       0x10 Drivers/STM32L4xx_HAL_Driver/Src/stm32l4xx_hal_flash_ex.o
 .text.FLASH_OB_GetPCROP
                0x08000e2c       0xbc Drivers/STM32L4xx_HAL_Driver/Src/stm32l4xx_hal_flash_ex.o
 .text.FLASH_OB_WRPConfig
                0x08000ee8       0x90 Drivers/STM32L4xx_HAL_Driver/Src/stm32l4xx_hal_flash_ex.o
 .text.FLASH_OB_RDPConfig
                0x08000f78       0x40 Drivers/STM32L4xx_HAL_Driver/Src/stm32l4xx_hal_flash_ex.o
 .text.FLASH_OB_UserConfig
                0x08000fb8      0x118 Drivers/STM32L4xx_HAL_Driver/Src/stm32l4xx_hal_flash_ex.o
 .text.FLASH_OB_PCROPConfig
                0x080010d0       0xf4 Drivers/STM32L4xx_HAL_Driver/Src/stm32l4xx_hal_flash_ex.o
 .text.HAL_FLASHEx_OBProgram
                0x080011c4       0x88 Drivers/STM32L4xx_HAL_Driver/Src/stm32l4xx_hal_flash_ex.o
                0x080011c4                HAL_FLASHEx_OBProgram
 .text.HAL_FLASHEx_OBGetConfig
                0x0800124c       0x50 Drivers/STM32L4xx_HAL_Driver/Src/stm32l4xx_hal_flash_ex.o
                0x0800124c                HAL_FLASHEx_OBGetConfig
 .text.FLASH_PageErase
                0x0800129c       0x4c Drivers/STM32L4xx_HAL_Driver/Src/stm32l4xx_hal_flash_ex.o
                0x0800129c                FLASH_PageErase
 .text.FLASH_FlushCaches
                0x080012e8       0x6c Drivers/STM32L4xx_HAL_Driver/Src/stm32l4xx_hal_flash_ex.o
                0x080012e8                FLASH_FlushCaches
 .text.HAL_GPIO_Init
                0x08001354      0x1cc Drivers/STM32L4xx_HAL_Driver/Src/stm32l4xx_hal_gpio.o
                0x08001354                HAL_GPIO_Init
 .text.HAL_GPIO_WritePin
                0x08001520        0xc Drivers/STM32L4xx_HAL_Driver/Src/stm32l4xx_hal_gpio.o
                0x08001520                HAL_GPIO_WritePin
 .text.HAL_PWREx_GetVoltageRange
                0x0800152c       0x10 Drivers/STM32L4xx_HAL_Driver/Src/stm32l4xx_hal_pwr_ex.o
                0x0800152c                HAL_PWREx_GetVoltageRange
 .text.HAL_PWREx_ControlVoltageScaling
                0x0800153c       0x90 Drivers/STM32L4xx_HAL_Driver/Src/stm32l4xx_hal_pwr_ex.o
                0x0800153c                HAL_PWREx_ControlVoltageScaling
 .text.RCC_SetFlashLatencyFromMSIRange
                0x080015cc       0x90 Drivers/STM32L4xx_HAL_Driver/Src/stm32l4xx_hal_rcc.o
 .text.HAL_RCC_GetSysClockFreq
                0x0800165c      0x100 Drivers/STM32L4xx_HAL_Driver/Src/stm32l4xx_hal_rcc.o
                0x0800165c                HAL_RCC_GetSysClockFreq
 .text.HAL_RCC_OscConfig
                0x0800175c      0x598 Drivers/STM32L4xx_HAL_Driver/Src/stm32l4xx_hal_rcc.o
                0x0800175c                HAL_RCC_OscConfig
 .text.HAL_RCC_ClockConfig
                0x08001cf4      0x1bc Drivers/STM32L4xx_HAL_Driver/Src/stm32l4xx_hal_rcc.o
                0x08001cf4                HAL_RCC_ClockConfig
 .text.HAL_RCC_GetHCLKFreq
                0x08001eb0        0xc Drivers/STM32L4xx_HAL_Driver/Src/stm32l4xx_hal_rcc.o
                0x08001eb0                HAL_RCC_GetHCLKFreq
 .text.HAL_RCC_GetPCLK1Freq
                0x08001ebc       0x20 Drivers/STM32L4xx_HAL_Driver/Src/stm32l4xx_hal_rcc.o
                0x08001ebc                HAL_RCC_GetPCLK1Freq
 .text.HAL_RCC_GetPCLK2Freq
                0x08001edc       0x20 Drivers/STM32L4xx_HAL_Driver/Src/stm32l4xx_hal_rcc.o
                0x08001edc                HAL_RCC_GetPCLK2Freq
 .text.RCCEx_PLLSAI1_Config
                0x08001efc      0x180 Drivers/STM32L4xx_HAL_Driver/Src/stm32l4xx_hal_rcc_ex.o
 .text.RCCEx_PLLSAI2_Config
                0x0800207c      0x15c Drivers/STM32L4xx_HAL_Driver/Src/stm32l4xx_hal_rcc_ex.o
 .text.HAL_RCCEx_PeriphCLKConfig
                0x080021d8      0x438 Drivers/STM32L4xx_HAL_Driver/Src/stm32l4xx_hal_rcc_ex.o
                0x080021d8                HAL_RCCEx_PeriphCLKConfig
 .text.SPI_WaitFlagStateUntilTimeout
                0x08002610       0x90 Drivers/STM32L4xx_HAL_Driver/Src/stm32l4xx_hal_spi.o
 .text.SPI_WaitFifoStateUntilTimeout
                0x080026a0       0x9c Drivers/STM32L4xx_HAL_Driver/Src/stm32l4xx_hal_spi.o
 .text.SPI_EndRxTxTransaction
                0x0800273c       0x68 Drivers/STM32L4xx_HAL_Driver/Src/stm32l4xx_hal_spi.o
 .text.SPI_EndRxTransaction
                0x080027a4       0x84 Drivers/STM32L4xx_HAL_Driver/Src/stm32l4xx_hal_spi.o
 .text.HAL_SPI_Init
                0x08002828       0xb4 Drivers/STM32L4xx_HAL_Driver/Src/stm32l4xx_hal_spi.o
                0x08002828                HAL_SPI_Init
 .text.HAL_SPI_Transmit
                0x080028dc      0x1d0 Drivers/STM32L4xx_HAL_Driver/Src/stm32l4xx_hal_spi.o
                0x080028dc                HAL_SPI_Transmit
 .text.HAL_SPI_TransmitReceive
                0x08002aac      0x2cc Drivers/STM32L4xx_HAL_Driver/Src/stm32l4xx_hal_spi.o
                0x08002aac                HAL_SPI_TransmitReceive
 .text.HAL_SPI_Receive
                0x08002d78      0x190 Drivers/STM32L4xx_HAL_Driver/Src/stm32l4xx_hal_spi.o
                0x08002d78                HAL_SPI_Receive
 .text.UART_SetConfig
                0x08002f08      0x3e4 Drivers/STM32L4xx_HAL_Driver/Src/stm32l4xx_hal_uart.o
                0x08002f08                UART_SetConfig
 .text.UART_AdvFeatureConfig
                0x080032ec       0xc8 Drivers/STM32L4xx_HAL_Driver/Src/stm32l4xx_hal_uart.o
                0x080032ec                UART_AdvFeatureConfig
 .text.UART_WaitOnFlagUntilTimeout
                0x080033b4       0x68 Drivers/STM32L4xx_HAL_Driver/Src/stm32l4xx_hal_uart.o
                0x080033b4                UART_WaitOnFlagUntilTimeout
 .text.HAL_UART_Transmit
                0x0800341c       0xd0 Drivers/STM32L4xx_HAL_Driver/Src/stm32l4xx_hal_uart.o
                0x0800341c                HAL_UART_Transmit
 .text.UART_CheckIdleState
                0x080034ec       0x6c Drivers/STM32L4xx_HAL_Driver/Src/stm32l4xx_hal_uart.o
                0x080034ec                UART_CheckIdleState
 .text.HAL_UART_Init
                0x08003558       0x6c Drivers/STM32L4xx_HAL_Driver/Src/stm32l4xx_hal_uart.o
                0x08003558                HAL_UART_Init
 .text.MX_GPIO_Init
                0x080035c4       0xbc Src/gpio.o
                0x080035c4                MX_GPIO_Init
 .text.NVIC_SystemReset
                0x08003680       0x24 Src/main.o
 .text.SPIFlashRead
                0x080036a4       0x1c Src/main.o
                0x080036a4                SPIFlashRead
 .text.SPIFlashWrite
                0x080036c0       0x1c Src/main.o
                0x080036c0                SPIFlashWrite
 .text.vcom_Send
                0x080036dc       0x38 Src/main.o
                0x080036dc                vcom_Send
 .text.execute_user_code
                0x08003714       0x3c Src/main.o
                0x08003714                execute_user_code
 .text.CHECK_AND_SET_FLASH_PROTECTION
                0x08003750       0x44 Src/main.o
                0x08003750                CHECK_AND_SET_FLASH_PROTECTION
 .text.NVwriteConfigDB
                0x08003794       0x68 Src/main.o
                0x08003794                NVwriteConfigDB
 .text.NVreadConfigDB
                0x080037fc       0x1c Src/main.o
                0x080037fc                NVreadConfigDB
 .text._Error_Handler
                0x08003818        0x4 Src/main.o
                0x08003818                _Error_Handler
 .text.SystemClock_Config
                0x0800381c       0xbc Src/main.o
                0x0800381c                SystemClock_Config
 .text.main     0x080038d8      0x18c Src/main.o
                0x080038d8                main
 .text.MX_SPI2_Init
                0x08003a64       0x54 Src/spi.o
                0x08003a64                MX_SPI2_Init
 .text.HAL_SPI_MspInit
                0x08003ab8       0x68 Src/spi.o
                0x08003ab8                HAL_SPI_MspInit
 .text.HAL_MspInit
                0x08003b20       0x90 Src/stm32l4xx_hal_msp.o
                0x08003b20                HAL_MspInit
 .text.SVC_Handler
                0x08003bb0        0x4 Src/stm32l4xx_it.o
                0x08003bb0                SVC_Handler
 .text.PendSV_Handler
                0x08003bb4        0x4 Src/stm32l4xx_it.o
                0x08003bb4                PendSV_Handler
 .text.SysTick_Handler
                0x08003bb8        0xc Src/stm32l4xx_it.o
                0x08003bb8                SysTick_Handler
 .text.SystemInit
                0x08003bc4       0x48 Src/system_stm32l4xx.o
                0x08003bc4                SystemInit
 .text.MX_USART2_UART_Init
                0x08003c0c       0x40 Src/usart.o
                0x08003c0c                MX_USART2_UART_Init
 .text.HAL_UART_MspInit
                0x08003c4c       0x4c Src/usart.o
                0x08003c4c                HAL_UART_MspInit
 .text.Reset_Handler
                0x08003c98       0x50 startup/startup_stm32l476xx.o
                0x08003c98                Reset_Handler
 .text.Default_Handler
                0x08003ce8        0x2 startup/startup_stm32l476xx.o
                0x08003ce8                RTC_Alarm_IRQHandler
                0x08003ce8                EXTI2_IRQHandler
                0x08003ce8                TIM8_TRG_COM_IRQHandler
                0x08003ce8                TIM8_CC_IRQHandler
                0x08003ce8                DebugMon_Handler
                0x08003ce8                TIM1_CC_IRQHandler
                0x08003ce8                TSC_IRQHandler
                0x08003ce8                HardFault_Handler
                0x08003ce8                TAMP_STAMP_IRQHandler
                0x08003ce8                NMI_Handler
                0x08003ce8                EXTI3_IRQHandler
                0x08003ce8                LPTIM2_IRQHandler
                0x08003ce8                DFSDM1_FLT1_IRQHandler
                0x08003ce8                I2C3_ER_IRQHandler
                0x08003ce8                DFSDM1_FLT2_IRQHandler
                0x08003ce8                EXTI0_IRQHandler
                0x08003ce8                I2C2_EV_IRQHandler
                0x08003ce8                CAN1_RX0_IRQHandler
                0x08003ce8                FPU_IRQHandler
                0x08003ce8                TIM1_UP_TIM16_IRQHandler
                0x08003ce8                UsageFault_Handler
                0x08003ce8                ADC1_2_IRQHandler
                0x08003ce8                SPI1_IRQHandler
                0x08003ce8                TIM6_DAC_IRQHandler
                0x08003ce8                TIM8_UP_IRQHandler
                0x08003ce8                DMA2_Channel2_IRQHandler
                0x08003ce8                DMA1_Channel4_IRQHandler
                0x08003ce8                SAI2_IRQHandler
                0x08003ce8                DFSDM1_FLT3_IRQHandler
                0x08003ce8                USART3_IRQHandler
                0x08003ce8                DMA1_Channel7_IRQHandler
                0x08003ce8                CAN1_RX1_IRQHandler
                0x08003ce8                LCD_IRQHandler
                0x08003ce8                UART5_IRQHandler
                0x08003ce8                ADC3_IRQHandler
                0x08003ce8                TIM4_IRQHandler
                0x08003ce8                DMA2_Channel1_IRQHandler
                0x08003ce8                QUADSPI_IRQHandler
                0x08003ce8                I2C1_EV_IRQHandler
                0x08003ce8                DMA1_Channel6_IRQHandler
                0x08003ce8                UART4_IRQHandler
                0x08003ce8                DMA2_Channel4_IRQHandler
                0x08003ce8                TIM3_IRQHandler
                0x08003ce8                RCC_IRQHandler
                0x08003ce8                DMA1_Channel1_IRQHandler
                0x08003ce8                Default_Handler
                0x08003ce8                DMA2_Channel7_IRQHandler
                0x08003ce8                EXTI15_10_IRQHandler
                0x08003ce8                TIM7_IRQHandler
                0x08003ce8                SDMMC1_IRQHandler
                0x08003ce8                TIM5_IRQHandler
                0x08003ce8                I2C3_EV_IRQHandler
                0x08003ce8                EXTI9_5_IRQHandler
                0x08003ce8                RTC_WKUP_IRQHandler
                0x08003ce8                PVD_PVM_IRQHandler
                0x08003ce8                SPI2_IRQHandler
                0x08003ce8                MemManage_Handler
                0x08003ce8                CAN1_TX_IRQHandler
                0x08003ce8                DMA2_Channel5_IRQHandler
                0x08003ce8                DMA1_Channel5_IRQHandler
                0x08003ce8                EXTI4_IRQHandler
                0x08003ce8                RNG_IRQHandler
                0x08003ce8                TIM1_TRG_COM_TIM17_IRQHandler
                0x08003ce8                DMA1_Channel3_IRQHandler
                0x08003ce8                COMP_IRQHandler
                0x08003ce8                WWDG_IRQHandler
                0x08003ce8                LPUART1_IRQHandler
                0x08003ce8                DMA2_Channel6_IRQHandler
                0x08003ce8                TIM2_IRQHandler
                0x08003ce8                EXTI1_IRQHandler
                0x08003ce8                USART2_IRQHandler
                0x08003ce8                DFSDM1_FLT0_IRQHandler
                0x08003ce8                I2C2_ER_IRQHandler
                0x08003ce8                DMA1_Channel2_IRQHandler
                0x08003ce8                TIM8_BRK_IRQHandler
                0x08003ce8                CAN1_SCE_IRQHandler
                0x08003ce8                FLASH_IRQHandler
                0x08003ce8                BusFault_Handler
                0x08003ce8                USART1_IRQHandler
                0x08003ce8                OTG_FS_IRQHandler
                0x08003ce8                SPI3_IRQHandler
                0x08003ce8                I2C1_ER_IRQHandler
                0x08003ce8                FMC_IRQHandler
                0x08003ce8                SWPMI1_IRQHandler
                0x08003ce8                LPTIM1_IRQHandler
                0x08003ce8                SAI1_IRQHandler
                0x08003ce8                DMA2_Channel3_IRQHandler
                0x08003ce8                TIM1_BRK_TIM15_IRQHandler
 *fill*         0x08003cea        0x2 
 .text.__libc_init_array
                0x08003cec       0x4c c:/ac6/systemworkbench/plugins/fr.ac6.mcu.externaltools.arm-none.win32_1.13.1.201701261202/tools/compiler/bin/../lib/gcc/arm-none-eabi/5.4.1/../../../../arm-none-eabi/lib/armv7e-m/fpu\libc_nano.a(lib_a-init.o)
                0x08003cec                __libc_init_array
 .text.malloc   0x08003d38       0x10 c:/ac6/systemworkbench/plugins/fr.ac6.mcu.externaltools.arm-none.win32_1.13.1.201701261202/tools/compiler/bin/../lib/gcc/arm-none-eabi/5.4.1/../../../../arm-none-eabi/lib/armv7e-m/fpu\libc_nano.a(lib_a-malloc.o)
                0x08003d38                malloc
 .text.memcmp   0x08003d48       0x1e c:/ac6/systemworkbench/plugins/fr.ac6.mcu.externaltools.arm-none.win32_1.13.1.201701261202/tools/compiler/bin/../lib/gcc/arm-none-eabi/5.4.1/../../../../arm-none-eabi/lib/armv7e-m/fpu\libc_nano.a(lib_a-memcmp.o)
                0x08003d48                memcmp
 .text.memcpy   0x08003d66       0x16 c:/ac6/systemworkbench/plugins/fr.ac6.mcu.externaltools.arm-none.win32_1.13.1.201701261202/tools/compiler/bin/../lib/gcc/arm-none-eabi/5.4.1/../../../../arm-none-eabi/lib/armv7e-m/fpu\libc_nano.a(lib_a-memcpy-stub.o)
                0x08003d66                memcpy
 .text.memset   0x08003d7c       0x10 c:/ac6/systemworkbench/plugins/fr.ac6.mcu.externaltools.arm-none.win32_1.13.1.201701261202/tools/compiler/bin/../lib/gcc/arm-none-eabi/5.4.1/../../../../arm-none-eabi/lib/armv7e-m/fpu\libc_nano.a(lib_a-memset.o)
                0x08003d7c                memset
 .text._free_r  0x08003d8c       0x9c c:/ac6/systemworkbench/plugins/fr.ac6.mcu.externaltools.arm-none.win32_1.13.1.201701261202/tools/compiler/bin/../lib/gcc/arm-none-eabi/5.4.1/../../../../arm-none-eabi/lib/armv7e-m/fpu\libc_nano.a(lib_a-nano-freer.o)
                0x08003d8c                _free_r
 .text._malloc_r
                0x08003e28       0xbc c:/ac6/systemworkbench/plugins/fr.ac6.mcu.externaltools.arm-none.win32_1.13.1.201701261202/tools/compiler/bin/../lib/gcc/arm-none-eabi/5.4.1/../../../../arm-none-eabi/lib/armv7e-m/fpu\libc_nano.a(lib_a-nano-mallocr.o)
                0x08003e28                _malloc_r
 .text._sbrk_r  0x08003ee4       0x20 c:/ac6/systemworkbench/plugins/fr.ac6.mcu.externaltools.arm-none.win32_1.13.1.201701261202/tools/compiler/bin/../lib/gcc/arm-none-eabi/5.4.1/../../../../arm-none-eabi/lib/armv7e-m/fpu\libc_nano.a(lib_a-sbrkr.o)
                0x08003ee4                _sbrk_r
 .text._vsprintf_r
                0x08003f04       0x30 c:/ac6/systemworkbench/plugins/fr.ac6.mcu.externaltools.arm-none.win32_1.13.1.201701261202/tools/compiler/bin/../lib/gcc/arm-none-eabi/5.4.1/../../../../arm-none-eabi/lib/armv7e-m/fpu\libc_nano.a(lib_a-vsprintf.o)
                0x08003f04                _vsprintf_r
                0x08003f04                _vsiprintf_r
 .text.vsprintf
                0x08003f34       0x14 c:/ac6/systemworkbench/plugins/fr.ac6.mcu.externaltools.arm-none.win32_1.13.1.201701261202/tools/compiler/bin/../lib/gcc/arm-none-eabi/5.4.1/../../../../arm-none-eabi/lib/armv7e-m/fpu\libc_nano.a(lib_a-vsprintf.o)
                0x08003f34                vsiprintf
                0x08003f34                vsprintf
 .text.__malloc_lock
                0x08003f48        0x2 c:/ac6/systemworkbench/plugins/fr.ac6.mcu.externaltools.arm-none.win32_1.13.1.201701261202/tools/compiler/bin/../lib/gcc/arm-none-eabi/5.4.1/../../../../arm-none-eabi/lib/armv7e-m/fpu\libc_nano.a(lib_a-mlock.o)
                0x08003f48                __malloc_lock
 .text.__malloc_unlock
                0x08003f4a        0x2 c:/ac6/systemworkbench/plugins/fr.ac6.mcu.externaltools.arm-none.win32_1.13.1.201701261202/tools/compiler/bin/../lib/gcc/arm-none-eabi/5.4.1/../../../../arm-none-eabi/lib/armv7e-m/fpu\libc_nano.a(lib_a-mlock.o)
                0x08003f4a                __malloc_unlock
 .text.__ssputs_r
                0x08003f4c       0xb2 c:/ac6/systemworkbench/plugins/fr.ac6.mcu.externaltools.arm-none.win32_1.13.1.201701261202/tools/compiler/bin/../lib/gcc/arm-none-eabi/5.4.1/../../../../arm-none-eabi/lib/armv7e-m/fpu\libc_nano.a(lib_a-nano-svfprintf.o)
                0x08003f4c                __ssputs_r
 *fill*         0x08003ffe        0x2 
 .text._svfprintf_r
                0x08004000      0x1e8 c:/ac6/systemworkbench/plugins/fr.ac6.mcu.externaltools.arm-none.win32_1.13.1.201701261202/tools/compiler/bin/../lib/gcc/arm-none-eabi/5.4.1/../../../../arm-none-eabi/lib/armv7e-m/fpu\libc_nano.a(lib_a-nano-svfprintf.o)
                0x08004000                _svfiprintf_r
                0x08004000                _svfprintf_r
 .text._printf_common
                0x080041e8       0xec c:/ac6/systemworkbench/plugins/fr.ac6.mcu.externaltools.arm-none.win32_1.13.1.201701261202/tools/compiler/bin/../lib/gcc/arm-none-eabi/5.4.1/../../../../arm-none-eabi/lib/armv7e-m/fpu\libc_nano.a(lib_a-nano-vfprintf_i.o)
                0x080041e8                _printf_common
 .text._printf_i
                0x080042d4      0x24c c:/ac6/systemworkbench/plugins/fr.ac6.mcu.externaltools.arm-none.win32_1.13.1.201701261202/tools/compiler/bin/../lib/gcc/arm-none-eabi/5.4.1/../../../../arm-none-eabi/lib/armv7e-m/fpu\libc_nano.a(lib_a-nano-vfprintf_i.o)
                0x080042d4                _printf_i
 .text.memmove  0x08004520       0x36 c:/ac6/systemworkbench/plugins/fr.ac6.mcu.externaltools.arm-none.win32_1.13.1.201701261202/tools/compiler/bin/../lib/gcc/arm-none-eabi/5.4.1/../../../../arm-none-eabi/lib/armv7e-m/fpu\libc_nano.a(lib_a-memmove.o)
                0x08004520                memmove
 .text._realloc_r
                0x08004556       0x4c c:/ac6/systemworkbench/plugins/fr.ac6.mcu.externaltools.arm-none.win32_1.13.1.201701261202/tools/compiler/bin/../lib/gcc/arm-none-eabi/5.4.1/../../../../arm-none-eabi/lib/armv7e-m/fpu\libc_nano.a(lib_a-nano-reallocr.o)
                0x08004556                _realloc_r
 .text._malloc_usable_size_r
                0x080045a2       0x14 c:/ac6/systemworkbench/plugins/fr.ac6.mcu.externaltools.arm-none.win32_1.13.1.201701261202/tools/compiler/bin/../lib/gcc/arm-none-eabi/5.4.1/../../../../arm-none-eabi/lib/armv7e-m/fpu\libc_nano.a(lib_a-nano-msizer.o)
                0x080045a2                _malloc_usable_size_r
 *fill*         0x080045b6        0x2 
 .text._sbrk    0x080045b8       0x1c c:/ac6/systemworkbench/plugins/fr.ac6.mcu.externaltools.arm-none.win32_1.13.1.201701261202/tools/compiler/bin/../lib/gcc/arm-none-eabi/5.4.1/../../../../arm-none-eabi/lib/armv7e-m/fpu\libnosys.a(sbrk.o)
                0x080045b8                _sbrk
 *(.glue_7)
 .glue_7        0x080045d4        0x0 linker stubs
 *(.glue_7t)
 .glue_7t       0x080045d4        0x0 linker stubs
 *(.eh_frame)
 .eh_frame      0x080045d4        0x0 c:/ac6/systemworkbench/plugins/fr.ac6.mcu.externaltools.arm-none.win32_1.13.1.201701261202/tools/compiler/bin/../lib/gcc/arm-none-eabi/5.4.1/armv7e-m/fpu/crtbegin.o
 *(.init)
 .init          0x080045d4        0x4 c:/ac6/systemworkbench/plugins/fr.ac6.mcu.externaltools.arm-none.win32_1.13.1.201701261202/tools/compiler/bin/../lib/gcc/arm-none-eabi/5.4.1/armv7e-m/fpu/crti.o
                0x080045d4                _init
 .init          0x080045d8        0x8 c:/ac6/systemworkbench/plugins/fr.ac6.mcu.externaltools.arm-none.win32_1.13.1.201701261202/tools/compiler/bin/../lib/gcc/arm-none-eabi/5.4.1/armv7e-m/fpu/crtn.o
 *(.fini)
 .fini          0x080045e0        0x4 c:/ac6/systemworkbench/plugins/fr.ac6.mcu.externaltools.arm-none.win32_1.13.1.201701261202/tools/compiler/bin/../lib/gcc/arm-none-eabi/5.4.1/armv7e-m/fpu/crti.o
                0x080045e0                _fini
 .fini          0x080045e4        0x8 c:/ac6/systemworkbench/plugins/fr.ac6.mcu.externaltools.arm-none.win32_1.13.1.201701261202/tools/compiler/bin/../lib/gcc/arm-none-eabi/5.4.1/armv7e-m/fpu/crtn.o
 *fill*         0x080045ec        0x4 
 .fini.__stub   0x080045f0       0x10 linker stubs
                0x08004600                . = ALIGN (0x8)
 *fill*         0x08004600        0x0 
                0x08004600                _etext = .

.vfp11_veneer   0x08004600        0x0
 .vfp11_veneer  0x08004600        0x0 linker stubs

.v4_bx          0x08004600        0x0
 .v4_bx         0x08004600        0x0 linker stubs

.iplt           0x08004600        0x0
 .iplt          0x08004600        0x0 c:/ac6/systemworkbench/plugins/fr.ac6.mcu.externaltools.arm-none.win32_1.13.1.201701261202/tools/compiler/bin/../lib/gcc/arm-none-eabi/5.4.1/armv7e-m/fpu/crtbegin.o

.rodata         0x08004600      0x248
                0x08004600                . = ALIGN (0x8)
 *(.rodata)
 .rodata        0x08004600        0x8 Drivers/SPIFlashDriver/spi_flash.o
 .rodata        0x08004608       0x80 Drivers/SPIFlashDriver/winbond.o
 .rodata        0x08004688       0x48 Src/system_stm32l4xx.o
                0x08004688                MSIRangeTable
                0x080046b8                AHBPrescTable
                0x080046c8                APBPrescTable
 *(.rodata*)
 .rodata.str1.4
                0x080046d0       0x44 Drivers/SPIFlashDriver/winbond.o
 .rodata.str1.4
                0x08004714       0xdf Src/main.o
 *fill*         0x080047f3        0x1 
 .rodata.str1.4
                0x080047f4        0xd Src/spi.o
 *fill*         0x08004801        0x3 
 .rodata.str1.4
                0x08004804       0x10 Src/usart.o
                                  0xf (size before relaxing)
 .rodata.str1.1
                0x08004814       0x11 c:/ac6/systemworkbench/plugins/fr.ac6.mcu.externaltools.arm-none.win32_1.13.1.201701261202/tools/compiler/bin/../lib/gcc/arm-none-eabi/5.4.1/../../../../arm-none-eabi/lib/armv7e-m/fpu\libc_nano.a(lib_a-nano-svfprintf.o)
 .rodata.str1.1
                0x08004825       0x22 c:/ac6/systemworkbench/plugins/fr.ac6.mcu.externaltools.arm-none.win32_1.13.1.201701261202/tools/compiler/bin/../lib/gcc/arm-none-eabi/5.4.1/../../../../arm-none-eabi/lib/armv7e-m/fpu\libc_nano.a(lib_a-nano-vfprintf_i.o)
                0x08004848                . = ALIGN (0x8)
 *fill*         0x08004847        0x1 

.ARM.extab      0x08004848        0x0
                0x08004848                . = ALIGN (0x8)
 *(.ARM.extab* .gnu.linkonce.armextab.*)
                0x08004848                . = ALIGN (0x8)

.ARM            0x08004848        0x8
                0x08004848                . = ALIGN (0x8)
                0x08004848                __exidx_start = .
 *(.ARM.exidx*)
 .ARM.exidx     0x08004848        0x8 c:/ac6/systemworkbench/plugins/fr.ac6.mcu.externaltools.arm-none.win32_1.13.1.201701261202/tools/compiler/bin/../lib/gcc/arm-none-eabi/5.4.1/armv7e-m/fpu\libgcc.a(_udivmoddi4.o)
                0x08004850                __exidx_end = .
                0x08004850                . = ALIGN (0x8)

.rel.dyn        0x08004850        0x0
 .rel.iplt      0x08004850        0x0 c:/ac6/systemworkbench/plugins/fr.ac6.mcu.externaltools.arm-none.win32_1.13.1.201701261202/tools/compiler/bin/../lib/gcc/arm-none-eabi/5.4.1/armv7e-m/fpu/crtbegin.o

.preinit_array  0x08004850        0x0
                0x08004850                . = ALIGN (0x8)
                0x08004850                PROVIDE (__preinit_array_start, .)
 *(.preinit_array*)
                0x08004850                PROVIDE (__preinit_array_end, .)
                0x08004850                . = ALIGN (0x8)

.init_array     0x08004850        0x8
                0x08004850                . = ALIGN (0x8)
                0x08004850                PROVIDE (__init_array_start, .)
 *(SORT(.init_array.*))
 *(.init_array*)
 .init_array    0x08004850        0x4 c:/ac6/systemworkbench/plugins/fr.ac6.mcu.externaltools.arm-none.win32_1.13.1.201701261202/tools/compiler/bin/../lib/gcc/arm-none-eabi/5.4.1/armv7e-m/fpu/crtbegin.o
                0x08004854                PROVIDE (__init_array_end, .)
                0x08004858                . = ALIGN (0x8)
 *fill*         0x08004854        0x4 

.fini_array     0x08004858        0x8
                0x08004858                . = ALIGN (0x8)
                [!provide]                PROVIDE (__fini_array_start, .)
 *(SORT(.fini_array.*))
 *(.fini_array*)
 .fini_array    0x08004858        0x4 c:/ac6/systemworkbench/plugins/fr.ac6.mcu.externaltools.arm-none.win32_1.13.1.201701261202/tools/compiler/bin/../lib/gcc/arm-none-eabi/5.4.1/armv7e-m/fpu/crtbegin.o
                [!provide]                PROVIDE (__fini_array_end, .)
                0x08004860                . = ALIGN (0x8)
 *fill*         0x0800485c        0x4 
                0x08004860                _sidata = LOADADDR (.data)

.data           0x20000000      0x328 load address 0x08004860
                0x20000000                . = ALIGN (0x8)
                0x20000000                _sdata = .
 *(.data)
 .data          0x20000000        0x1 Src/main.o
 *fill*         0x20000001        0x3 
 .data          0x20000004        0x4 Src/system_stm32l4xx.o
                0x20000004                SystemCoreClock
 *(.data*)
 .data.impure_data
                0x20000008       0x60 c:/ac6/systemworkbench/plugins/fr.ac6.mcu.externaltools.arm-none.win32_1.13.1.201701261202/tools/compiler/bin/../lib/gcc/arm-none-eabi/5.4.1/../../../../arm-none-eabi/lib/armv7e-m/fpu\libc_nano.a(lib_a-impure.o)
 .data._impure_ptr
                0x20000068        0x4 c:/ac6/systemworkbench/plugins/fr.ac6.mcu.externaltools.arm-none.win32_1.13.1.201701261202/tools/compiler/bin/../lib/gcc/arm-none-eabi/5.4.1/../../../../arm-none-eabi/lib/armv7e-m/fpu\libc_nano.a(lib_a-impure.o)
                0x20000068                _impure_ptr
 *(.RamFunc)
 .RamFunc       0x2000006c       0xb4 Drivers/STM32L4xx_HAL_Driver/Src/stm32l4xx_hal_flash.o
                0x2000006c                HAL_FLASH_Program
 .RamFunc       0x20000120       0xfc Drivers/STM32L4xx_HAL_Driver/Src/stm32l4xx_hal_flash_ex.o
                0x20000120                HAL_FLASHEx_Erase
 .RamFunc       0x2000021c       0xbc Src/main.o
 .RamFunc.__stub
                0x200002d8       0x50 linker stubs
 *(.RamFunc.*)
                0x20000328                . = ALIGN (0x8)
                0x20000328                _edata = .

.jcr            0x20000328        0x0 load address 0x08004b88
 .jcr           0x20000328        0x0 c:/ac6/systemworkbench/plugins/fr.ac6.mcu.externaltools.arm-none.win32_1.13.1.201701261202/tools/compiler/bin/../lib/gcc/arm-none-eabi/5.4.1/armv7e-m/fpu/crtbegin.o

.igot.plt       0x20000328        0x0 load address 0x08004b88
 .igot.plt      0x20000328        0x0 c:/ac6/systemworkbench/plugins/fr.ac6.mcu.externaltools.arm-none.win32_1.13.1.201701261202/tools/compiler/bin/../lib/gcc/arm-none-eabi/5.4.1/armv7e-m/fpu/crtbegin.o
                0x20000328                . = ALIGN (0x4)

.bss            0x20000328     0x11fc load address 0x08004b88
                0x20000328                _sbss = .
                0x20000328                __bss_start__ = _sbss
 *(.bss)
 .bss           0x20000328       0x1c c:/ac6/systemworkbench/plugins/fr.ac6.mcu.externaltools.arm-none.win32_1.13.1.201701261202/tools/compiler/bin/../lib/gcc/arm-none-eabi/5.4.1/armv7e-m/fpu/crtbegin.o
 .bss           0x20000344       0x58 Src/main.o
                0x20000394                retn
                0x20000398                memAddr
 *(.bss*)
 .bss.__malloc_sbrk_start
                0x2000039c        0x4 c:/ac6/systemworkbench/plugins/fr.ac6.mcu.externaltools.arm-none.win32_1.13.1.201701261202/tools/compiler/bin/../lib/gcc/arm-none-eabi/5.4.1/../../../../arm-none-eabi/lib/armv7e-m/fpu\libc_nano.a(lib_a-nano-mallocr.o)
                0x2000039c                __malloc_sbrk_start
 .bss.__malloc_free_list
                0x200003a0        0x4 c:/ac6/systemworkbench/plugins/fr.ac6.mcu.externaltools.arm-none.win32_1.13.1.201701261202/tools/compiler/bin/../lib/gcc/arm-none-eabi/5.4.1/../../../../arm-none-eabi/lib/armv7e-m/fpu\libc_nano.a(lib_a-nano-mallocr.o)
                0x200003a0                __malloc_free_list
 .bss.heap_end.4169
                0x200003a4        0x4 c:/ac6/systemworkbench/plugins/fr.ac6.mcu.externaltools.arm-none.win32_1.13.1.201701261202/tools/compiler/bin/../lib/gcc/arm-none-eabi/5.4.1/../../../../arm-none-eabi/lib/armv7e-m/fpu\libnosys.a(sbrk.o)
 *(COMMON)
 COMMON         0x200003a8        0x4 Drivers/STM32L4xx_HAL_Driver/Src/stm32l4xx_hal.o
                0x200003a8                uwTick
 COMMON         0x200003ac       0x20 Drivers/STM32L4xx_HAL_Driver/Src/stm32l4xx_hal_flash.o
                0x200003ac                pFlash
 COMMON         0x200003cc     0x1080 Src/main.o
                0x200003cc                JumpAddress
                0x200003d0                Jump_To_Application
                0x200003d4                spiflashmem
                0x200003d8                FlashOBstatus
                0x20000400                FirmwareInfo
                0x20000444                flashCheckSum
                0x20000448                FlashOBreg
                0x2000044c                BufferSector
 COMMON         0x2000144c       0x64 Src/spi.o
                0x2000144c                hspi2
 COMMON         0x200014b0       0x70 Src/usart.o
                0x200014b0                huart2
 COMMON         0x20001520        0x4 c:/ac6/systemworkbench/plugins/fr.ac6.mcu.externaltools.arm-none.win32_1.13.1.201701261202/tools/compiler/bin/../lib/gcc/arm-none-eabi/5.4.1/../../../../arm-none-eabi/lib/armv7e-m/fpu\libc_nano.a(lib_a-reent.o)
                0x20001520                errno
                0x20001524                . = ALIGN (0x4)
                0x20001524                _ebss = .
                0x20001524                __bss_end__ = _ebss

._user_heap_stack
                0x20001524      0x604 load address 0x08004b88
                0x20001528                . = ALIGN (0x8)
 *fill*         0x20001524        0x4 
                0x20001528                PROVIDE (end, .)
                [!provide]                PROVIDE (_end, .)
                0x20001728                . = (. + _Min_Heap_Size)
 *fill*         0x20001528      0x200 
                0x20001b28                . = (. + _Min_Stack_Size)
 *fill*         0x20001728      0x400 
                0x20001b28                . = ALIGN (0x8)

/DISCARD/
 libc.a(*)
 libm.a(*)
 libgcc.a(*)

.ARM.attributes
                0x00000000       0x30
 *(.ARM.attributes)
 .ARM.attributes
                0x00000000       0x22 c:/ac6/systemworkbench/plugins/fr.ac6.mcu.externaltools.arm-none.win32_1.13.1.201701261202/tools/compiler/bin/../lib/gcc/arm-none-eabi/5.4.1/armv7e-m/fpu/crti.o
 .ARM.attributes
                0x00000022       0x34 c:/ac6/systemworkbench/plugins/fr.ac6.mcu.externaltools.arm-none.win32_1.13.1.201701261202/tools/compiler/bin/../lib/gcc/arm-none-eabi/5.4.1/armv7e-m/fpu/crtbegin.o
 .ARM.attributes
                0x00000056       0x39 Drivers/SPIFlashDriver/spi_flash.o
 .ARM.attributes
                0x0000008f       0x39 Drivers/SPIFlashDriver/winbond.o
 .ARM.attributes
                0x000000c8       0x39 Drivers/STM32L4xx_HAL_Driver/Src/stm32l4xx_hal.o
 .ARM.attributes
                0x00000101       0x39 Drivers/STM32L4xx_HAL_Driver/Src/stm32l4xx_hal_cortex.o
 .ARM.attributes
                0x0000013a       0x39 Drivers/STM32L4xx_HAL_Driver/Src/stm32l4xx_hal_flash.o
 .ARM.attributes
                0x00000173       0x39 Drivers/STM32L4xx_HAL_Driver/Src/stm32l4xx_hal_flash_ex.o
 .ARM.attributes
                0x000001ac       0x39 Drivers/STM32L4xx_HAL_Driver/Src/stm32l4xx_hal_gpio.o
 .ARM.attributes
                0x000001e5       0x39 Drivers/STM32L4xx_HAL_Driver/Src/stm32l4xx_hal_pwr_ex.o
 .ARM.attributes
                0x0000021e       0x39 Drivers/STM32L4xx_HAL_Driver/Src/stm32l4xx_hal_rcc.o
 .ARM.attributes
                0x00000257       0x39 Drivers/STM32L4xx_HAL_Driver/Src/stm32l4xx_hal_rcc_ex.o
 .ARM.attributes
                0x00000290       0x39 Drivers/STM32L4xx_HAL_Driver/Src/stm32l4xx_hal_spi.o
 .ARM.attributes
                0x000002c9       0x39 Drivers/STM32L4xx_HAL_Driver/Src/stm32l4xx_hal_uart.o
 .ARM.attributes
                0x00000302       0x39 Src/gpio.o
 .ARM.attributes
                0x0000033b       0x39 Src/main.o
 .ARM.attributes
                0x00000374       0x39 Src/spi.o
 .ARM.attributes
                0x000003ad       0x39 Src/stm32l4xx_hal_msp.o
 .ARM.attributes
                0x000003e6       0x39 Src/stm32l4xx_it.o
 .ARM.attributes
                0x0000041f       0x39 Src/system_stm32l4xx.o
 .ARM.attributes
                0x00000458       0x39 Src/usart.o
 .ARM.attributes
                0x00000491       0x21 startup/startup_stm32l476xx.o
 .ARM.attributes
                0x000004b2       0x22 c:/ac6/systemworkbench/plugins/fr.ac6.mcu.externaltools.arm-none.win32_1.13.1.201701261202/tools/compiler/bin/../lib/gcc/arm-none-eabi/5.4.1/armv7e-m/fpu\libgcc.a(_aeabi_uldivmod.o)
 .ARM.attributes
                0x000004d4       0x34 c:/ac6/systemworkbench/plugins/fr.ac6.mcu.externaltools.arm-none.win32_1.13.1.201701261202/tools/compiler/bin/../lib/gcc/arm-none-eabi/5.4.1/armv7e-m/fpu\libgcc.a(_udivmoddi4.o)
 .ARM.attributes
                0x00000508       0x22 c:/ac6/systemworkbench/plugins/fr.ac6.mcu.externaltools.arm-none.win32_1.13.1.201701261202/tools/compiler/bin/../lib/gcc/arm-none-eabi/5.4.1/armv7e-m/fpu\libgcc.a(_dvmd_tls.o)
 .ARM.attributes
                0x0000052a       0x34 c:/ac6/systemworkbench/plugins/fr.ac6.mcu.externaltools.arm-none.win32_1.13.1.201701261202/tools/compiler/bin/../lib/gcc/arm-none-eabi/5.4.1/../../../../arm-none-eabi/lib/armv7e-m/fpu\libc_nano.a(lib_a-impure.o)
 .ARM.attributes
                0x0000055e       0x34 c:/ac6/systemworkbench/plugins/fr.ac6.mcu.externaltools.arm-none.win32_1.13.1.201701261202/tools/compiler/bin/../lib/gcc/arm-none-eabi/5.4.1/../../../../arm-none-eabi/lib/armv7e-m/fpu\libc_nano.a(lib_a-init.o)
 .ARM.attributes
                0x00000592       0x34 c:/ac6/systemworkbench/plugins/fr.ac6.mcu.externaltools.arm-none.win32_1.13.1.201701261202/tools/compiler/bin/../lib/gcc/arm-none-eabi/5.4.1/../../../../arm-none-eabi/lib/armv7e-m/fpu\libc_nano.a(lib_a-malloc.o)
 .ARM.attributes
                0x000005c6       0x34 c:/ac6/systemworkbench/plugins/fr.ac6.mcu.externaltools.arm-none.win32_1.13.1.201701261202/tools/compiler/bin/../lib/gcc/arm-none-eabi/5.4.1/../../../../arm-none-eabi/lib/armv7e-m/fpu\libc_nano.a(lib_a-memcmp.o)
 .ARM.attributes
                0x000005fa       0x34 c:/ac6/systemworkbench/plugins/fr.ac6.mcu.externaltools.arm-none.win32_1.13.1.201701261202/tools/compiler/bin/../lib/gcc/arm-none-eabi/5.4.1/../../../../arm-none-eabi/lib/armv7e-m/fpu\libc_nano.a(lib_a-memcpy-stub.o)
 .ARM.attributes
                0x0000062e       0x34 c:/ac6/systemworkbench/plugins/fr.ac6.mcu.externaltools.arm-none.win32_1.13.1.201701261202/tools/compiler/bin/../lib/gcc/arm-none-eabi/5.4.1/../../../../arm-none-eabi/lib/armv7e-m/fpu\libc_nano.a(lib_a-memset.o)
 .ARM.attributes
                0x00000662       0x34 c:/ac6/systemworkbench/plugins/fr.ac6.mcu.externaltools.arm-none.win32_1.13.1.201701261202/tools/compiler/bin/../lib/gcc/arm-none-eabi/5.4.1/../../../../arm-none-eabi/lib/armv7e-m/fpu\libc_nano.a(lib_a-nano-freer.o)
 .ARM.attributes
                0x00000696       0x34 c:/ac6/systemworkbench/plugins/fr.ac6.mcu.externaltools.arm-none.win32_1.13.1.201701261202/tools/compiler/bin/../lib/gcc/arm-none-eabi/5.4.1/../../../../arm-none-eabi/lib/armv7e-m/fpu\libc_nano.a(lib_a-nano-mallocr.o)
 .ARM.attributes
                0x000006ca       0x34 c:/ac6/systemworkbench/plugins/fr.ac6.mcu.externaltools.arm-none.win32_1.13.1.201701261202/tools/compiler/bin/../lib/gcc/arm-none-eabi/5.4.1/../../../../arm-none-eabi/lib/armv7e-m/fpu\libc_nano.a(lib_a-sbrkr.o)
 .ARM.attributes
                0x000006fe       0x34 c:/ac6/systemworkbench/plugins/fr.ac6.mcu.externaltools.arm-none.win32_1.13.1.201701261202/tools/compiler/bin/../lib/gcc/arm-none-eabi/5.4.1/../../../../arm-none-eabi/lib/armv7e-m/fpu\libc_nano.a(lib_a-vsprintf.o)
 .ARM.attributes
                0x00000732       0x34 c:/ac6/systemworkbench/plugins/fr.ac6.mcu.externaltools.arm-none.win32_1.13.1.201701261202/tools/compiler/bin/../lib/gcc/arm-none-eabi/5.4.1/../../../../arm-none-eabi/lib/armv7e-m/fpu\libc_nano.a(lib_a-mlock.o)
 .ARM.attributes
                0x00000766       0x34 c:/ac6/systemworkbench/plugins/fr.ac6.mcu.externaltools.arm-none.win32_1.13.1.201701261202/tools/compiler/bin/../lib/gcc/arm-none-eabi/5.4.1/../../../../arm-none-eabi/lib/armv7e-m/fpu\libc_nano.a(lib_a-nano-svfprintf.o)
 .ARM.attributes
                0x0000079a       0x34 c:/ac6/systemworkbench/plugins/fr.ac6.mcu.externaltools.arm-none.win32_1.13.1.201701261202/tools/compiler/bin/../lib/gcc/arm-none-eabi/5.4.1/../../../../arm-none-eabi/lib/armv7e-m/fpu\libc_nano.a(lib_a-nano-vfprintf_i.o)
 .ARM.attributes
                0x000007ce       0x34 c:/ac6/systemworkbench/plugins/fr.ac6.mcu.externaltools.arm-none.win32_1.13.1.201701261202/tools/compiler/bin/../lib/gcc/arm-none-eabi/5.4.1/../../../../arm-none-eabi/lib/armv7e-m/fpu\libc_nano.a(lib_a-reent.o)
 .ARM.attributes
                0x00000802       0x20 c:/ac6/systemworkbench/plugins/fr.ac6.mcu.externaltools.arm-none.win32_1.13.1.201701261202/tools/compiler/bin/../lib/gcc/arm-none-eabi/5.4.1/../../../../arm-none-eabi/lib/armv7e-m/fpu\libc_nano.a(lib_a-memchr.o)
 .ARM.attributes
                0x00000822       0x34 c:/ac6/systemworkbench/plugins/fr.ac6.mcu.externaltools.arm-none.win32_1.13.1.201701261202/tools/compiler/bin/../lib/gcc/arm-none-eabi/5.4.1/../../../../arm-none-eabi/lib/armv7e-m/fpu\libc_nano.a(lib_a-memmove.o)
 .ARM.attributes
                0x00000856       0x34 c:/ac6/systemworkbench/plugins/fr.ac6.mcu.externaltools.arm-none.win32_1.13.1.201701261202/tools/compiler/bin/../lib/gcc/arm-none-eabi/5.4.1/../../../../arm-none-eabi/lib/armv7e-m/fpu\libc_nano.a(lib_a-nano-reallocr.o)
 .ARM.attributes
                0x0000088a       0x34 c:/ac6/systemworkbench/plugins/fr.ac6.mcu.externaltools.arm-none.win32_1.13.1.201701261202/tools/compiler/bin/../lib/gcc/arm-none-eabi/5.4.1/../../../../arm-none-eabi/lib/armv7e-m/fpu\libc_nano.a(lib_a-nano-msizer.o)
 .ARM.attributes
                0x000008be       0x34 c:/ac6/systemworkbench/plugins/fr.ac6.mcu.externaltools.arm-none.win32_1.13.1.201701261202/tools/compiler/bin/../lib/gcc/arm-none-eabi/5.4.1/../../../../arm-none-eabi/lib/armv7e-m/fpu\libnosys.a(sbrk.o)
 .ARM.attributes
                0x000008f2       0x22 c:/ac6/systemworkbench/plugins/fr.ac6.mcu.externaltools.arm-none.win32_1.13.1.201701261202/tools/compiler/bin/../lib/gcc/arm-none-eabi/5.4.1/armv7e-m/fpu/crtn.o
OUTPUT(BootloaderL476RG.elf elf32-littlearm)

.debug_info     0x00000000     0xf42a
 .debug_info    0x00000000     0x11aa Drivers/SPIFlashDriver/spi_flash.o
 .debug_info    0x000011aa      0x536 Drivers/SPIFlashDriver/winbond.o
 .debug_info    0x000016e0      0xbdd Drivers/STM32L4xx_HAL_Driver/Src/stm32l4xx_hal.o
 .debug_info    0x000022bd      0xed2 Drivers/STM32L4xx_HAL_Driver/Src/stm32l4xx_hal_cortex.o
 .debug_info    0x0000318f      0x7b6 Drivers/STM32L4xx_HAL_Driver/Src/stm32l4xx_hal_flash.o
 .debug_info    0x00003945      0xa9f Drivers/STM32L4xx_HAL_Driver/Src/stm32l4xx_hal_flash_ex.o
 .debug_info    0x000043e4      0x80d Drivers/STM32L4xx_HAL_Driver/Src/stm32l4xx_hal_gpio.o
 .debug_info    0x00004bf1      0xa7e Drivers/STM32L4xx_HAL_Driver/Src/stm32l4xx_hal_pwr_ex.o
 .debug_info    0x0000566f      0xdb1 Drivers/STM32L4xx_HAL_Driver/Src/stm32l4xx_hal_rcc.o
 .debug_info    0x00006420     0x1080 Drivers/STM32L4xx_HAL_Driver/Src/stm32l4xx_hal_rcc_ex.o
 .debug_info    0x000074a0     0x1dbc Drivers/STM32L4xx_HAL_Driver/Src/stm32l4xx_hal_spi.o
 .debug_info    0x0000925c     0x1b1d Drivers/STM32L4xx_HAL_Driver/Src/stm32l4xx_hal_uart.o
 .debug_info    0x0000ad79      0x562 Src/gpio.o
 .debug_info    0x0000b2db     0x1e21 Src/main.o
 .debug_info    0x0000d0fc      0xa56 Src/spi.o
 .debug_info    0x0000db52      0x675 Src/stm32l4xx_hal_msp.o
 .debug_info    0x0000e1c7      0x149 Src/stm32l4xx_it.o
 .debug_info    0x0000e310      0x5ed Src/system_stm32l4xx.o
 .debug_info    0x0000e8fd      0xaa3 Src/usart.o
 .debug_info    0x0000f3a0       0x8a startup/startup_stm32l476xx.o

.debug_abbrev   0x00000000     0x295a
 .debug_abbrev  0x00000000      0x332 Drivers/SPIFlashDriver/spi_flash.o
 .debug_abbrev  0x00000332      0x1b3 Drivers/SPIFlashDriver/winbond.o
 .debug_abbrev  0x000004e5      0x212 Drivers/STM32L4xx_HAL_Driver/Src/stm32l4xx_hal.o
 .debug_abbrev  0x000006f7      0x2fc Drivers/STM32L4xx_HAL_Driver/Src/stm32l4xx_hal_cortex.o
 .debug_abbrev  0x000009f3      0x270 Drivers/STM32L4xx_HAL_Driver/Src/stm32l4xx_hal_flash.o
 .debug_abbrev  0x00000c63      0x2b0 Drivers/STM32L4xx_HAL_Driver/Src/stm32l4xx_hal_flash_ex.o
 .debug_abbrev  0x00000f13      0x1e7 Drivers/STM32L4xx_HAL_Driver/Src/stm32l4xx_hal_gpio.o
 .debug_abbrev  0x000010fa      0x24f Drivers/STM32L4xx_HAL_Driver/Src/stm32l4xx_hal_pwr_ex.o
 .debug_abbrev  0x00001349      0x262 Drivers/STM32L4xx_HAL_Driver/Src/stm32l4xx_hal_rcc.o
 .debug_abbrev  0x000015ab      0x25b Drivers/STM32L4xx_HAL_Driver/Src/stm32l4xx_hal_rcc_ex.o
 .debug_abbrev  0x00001806      0x258 Drivers/STM32L4xx_HAL_Driver/Src/stm32l4xx_hal_spi.o
 .debug_abbrev  0x00001a5e      0x287 Drivers/STM32L4xx_HAL_Driver/Src/stm32l4xx_hal_uart.o
 .debug_abbrev  0x00001ce5      0x162 Src/gpio.o
 .debug_abbrev  0x00001e47      0x432 Src/main.o
 .debug_abbrev  0x00002279      0x1c2 Src/spi.o
 .debug_abbrev  0x0000243b      0x140 Src/stm32l4xx_hal_msp.o
 .debug_abbrev  0x0000257b       0xcc Src/stm32l4xx_it.o
 .debug_abbrev  0x00002647      0x13f Src/system_stm32l4xx.o
 .debug_abbrev  0x00002786      0x1c2 Src/usart.o
 .debug_abbrev  0x00002948       0x12 startup/startup_stm32l476xx.o

.debug_loc      0x00000000     0x8050
 .debug_loc     0x00000000      0x7ef Drivers/SPIFlashDriver/spi_flash.o
 .debug_loc     0x000007ef      0x2b8 Drivers/SPIFlashDriver/winbond.o
 .debug_loc     0x00000aa7      0x103 Drivers/STM32L4xx_HAL_Driver/Src/stm32l4xx_hal.o
 .debug_loc     0x00000baa      0x527 Drivers/STM32L4xx_HAL_Driver/Src/stm32l4xx_hal_cortex.o
 .debug_loc     0x000010d1      0x3b4 Drivers/STM32L4xx_HAL_Driver/Src/stm32l4xx_hal_flash.o
 .debug_loc     0x00001485      0x7e5 Drivers/STM32L4xx_HAL_Driver/Src/stm32l4xx_hal_flash_ex.o
 .debug_loc     0x00001c6a      0x30a Drivers/STM32L4xx_HAL_Driver/Src/stm32l4xx_hal_gpio.o
 .debug_loc     0x00001f74      0x8f5 Drivers/STM32L4xx_HAL_Driver/Src/stm32l4xx_hal_pwr_ex.o
 .debug_loc     0x00002869      0x65a Drivers/STM32L4xx_HAL_Driver/Src/stm32l4xx_hal_rcc.o
 .debug_loc     0x00002ec3     0x1b20 Drivers/STM32L4xx_HAL_Driver/Src/stm32l4xx_hal_rcc_ex.o
 .debug_loc     0x000049e3     0x194a Drivers/STM32L4xx_HAL_Driver/Src/stm32l4xx_hal_spi.o
 .debug_loc     0x0000632d     0x15fb Drivers/STM32L4xx_HAL_Driver/Src/stm32l4xx_hal_uart.o
 .debug_loc     0x00007928      0x51d Src/main.o
 .debug_loc     0x00007e45       0x4d Src/spi.o
 .debug_loc     0x00007e92      0x171 Src/system_stm32l4xx.o
 .debug_loc     0x00008003       0x4d Src/usart.o

.debug_aranges  0x00000000      0xbd0
 .debug_aranges
                0x00000000       0x80 Drivers/SPIFlashDriver/spi_flash.o
 .debug_aranges
                0x00000080       0x30 Drivers/SPIFlashDriver/winbond.o
 .debug_aranges
                0x000000b0      0x118 Drivers/STM32L4xx_HAL_Driver/Src/stm32l4xx_hal.o
 .debug_aranges
                0x000001c8       0x98 Drivers/STM32L4xx_HAL_Driver/Src/stm32l4xx_hal_cortex.o
 .debug_aranges
                0x00000260       0x90 Drivers/STM32L4xx_HAL_Driver/Src/stm32l4xx_hal_flash.o
 .debug_aranges
                0x000002f0       0x90 Drivers/STM32L4xx_HAL_Driver/Src/stm32l4xx_hal_flash_ex.o
 .debug_aranges
                0x00000380       0x58 Drivers/STM32L4xx_HAL_Driver/Src/stm32l4xx_hal_gpio.o
 .debug_aranges
                0x000003d8      0x148 Drivers/STM32L4xx_HAL_Driver/Src/stm32l4xx_hal_pwr_ex.o
 .debug_aranges
                0x00000520       0x88 Drivers/STM32L4xx_HAL_Driver/Src/stm32l4xx_hal_rcc.o
 .debug_aranges
                0x000005a8       0xb8 Drivers/STM32L4xx_HAL_Driver/Src/stm32l4xx_hal_rcc_ex.o
 .debug_aranges
                0x00000660      0x1d8 Drivers/STM32L4xx_HAL_Driver/Src/stm32l4xx_hal_spi.o
 .debug_aranges
                0x00000838      0x1e8 Drivers/STM32L4xx_HAL_Driver/Src/stm32l4xx_hal_uart.o
 .debug_aranges
                0x00000a20       0x20 Src/gpio.o
 .debug_aranges
                0x00000a40       0x90 Src/main.o
 .debug_aranges
                0x00000ad0       0x30 Src/spi.o
 .debug_aranges
                0x00000b00       0x20 Src/stm32l4xx_hal_msp.o
 .debug_aranges
                0x00000b20       0x30 Src/stm32l4xx_it.o
 .debug_aranges
                0x00000b50       0x28 Src/system_stm32l4xx.o
 .debug_aranges
                0x00000b78       0x30 Src/usart.o
 .debug_aranges
                0x00000ba8       0x28 startup/startup_stm32l476xx.o

.debug_ranges   0x00000000      0xab0
 .debug_ranges  0x00000000       0x70 Drivers/SPIFlashDriver/spi_flash.o
 .debug_ranges  0x00000070       0x20 Drivers/SPIFlashDriver/winbond.o
 .debug_ranges  0x00000090      0x108 Drivers/STM32L4xx_HAL_Driver/Src/stm32l4xx_hal.o
 .debug_ranges  0x00000198       0x88 Drivers/STM32L4xx_HAL_Driver/Src/stm32l4xx_hal_cortex.o
 .debug_ranges  0x00000220       0x80 Drivers/STM32L4xx_HAL_Driver/Src/stm32l4xx_hal_flash.o
 .debug_ranges  0x000002a0       0x80 Drivers/STM32L4xx_HAL_Driver/Src/stm32l4xx_hal_flash_ex.o
 .debug_ranges  0x00000320       0x48 Drivers/STM32L4xx_HAL_Driver/Src/stm32l4xx_hal_gpio.o
 .debug_ranges  0x00000368      0x138 Drivers/STM32L4xx_HAL_Driver/Src/stm32l4xx_hal_pwr_ex.o
 .debug_ranges  0x000004a0       0x90 Drivers/STM32L4xx_HAL_Driver/Src/stm32l4xx_hal_rcc.o
 .debug_ranges  0x00000530       0xa8 Drivers/STM32L4xx_HAL_Driver/Src/stm32l4xx_hal_rcc_ex.o
 .debug_ranges  0x000005d8      0x1c8 Drivers/STM32L4xx_HAL_Driver/Src/stm32l4xx_hal_spi.o
 .debug_ranges  0x000007a0      0x1d8 Drivers/STM32L4xx_HAL_Driver/Src/stm32l4xx_hal_uart.o
 .debug_ranges  0x00000978       0x10 Src/gpio.o
 .debug_ranges  0x00000988       0x80 Src/main.o
 .debug_ranges  0x00000a08       0x20 Src/spi.o
 .debug_ranges  0x00000a28       0x10 Src/stm32l4xx_hal_msp.o
 .debug_ranges  0x00000a38       0x20 Src/stm32l4xx_it.o
 .debug_ranges  0x00000a58       0x18 Src/system_stm32l4xx.o
 .debug_ranges  0x00000a70       0x20 Src/usart.o
 .debug_ranges  0x00000a90       0x20 startup/startup_stm32l476xx.o

.debug_macro    0x00000000    0x27c58
 .debug_macro   0x00000000      0x382 Drivers/SPIFlashDriver/spi_flash.o
 .debug_macro   0x00000382      0x898 Drivers/SPIFlashDriver/spi_flash.o
 .debug_macro   0x00000c1a       0x22 Drivers/SPIFlashDriver/spi_flash.o
 .debug_macro   0x00000c3c       0x4c Drivers/SPIFlashDriver/spi_flash.o
 .debug_macro   0x00000c88       0x8d Drivers/SPIFlashDriver/spi_flash.o
 .debug_macro   0x00000d15       0x35 Drivers/SPIFlashDriver/spi_flash.o
 .debug_macro   0x00000d4a       0x9c Drivers/SPIFlashDriver/spi_flash.o
 .debug_macro   0x00000de6       0x16 Drivers/SPIFlashDriver/spi_flash.o
 .debug_macro   0x00000dfc      0x10e Drivers/SPIFlashDriver/spi_flash.o
 .debug_macro   0x00000f0a       0x8d Drivers/SPIFlashDriver/spi_flash.o
 .debug_macro   0x00000f97       0x4a Drivers/SPIFlashDriver/spi_flash.o
 .debug_macro   0x00000fe1       0x52 Drivers/SPIFlashDriver/spi_flash.o
 .debug_macro   0x00001033       0x1f Drivers/SPIFlashDriver/spi_flash.o
 .debug_macro   0x00001052       0x43 Drivers/SPIFlashDriver/spi_flash.o
 .debug_macro   0x00001095       0x20 Drivers/SPIFlashDriver/spi_flash.o
 .debug_macro   0x000010b5      0x187 Drivers/SPIFlashDriver/spi_flash.o
 .debug_macro   0x0000123c      0x30d Drivers/SPIFlashDriver/spi_flash.o
 .debug_macro   0x00001549       0x16 Drivers/SPIFlashDriver/spi_flash.o
 .debug_macro   0x0000155f       0x29 Drivers/SPIFlashDriver/spi_flash.o
 .debug_macro   0x00001588       0x16 Drivers/SPIFlashDriver/spi_flash.o
 .debug_macro   0x0000159e       0x35 Drivers/SPIFlashDriver/spi_flash.o
 .debug_macro   0x000015d3       0x16 Drivers/SPIFlashDriver/spi_flash.o
 .debug_macro   0x000015e9       0xfd Drivers/SPIFlashDriver/spi_flash.o
 .debug_macro   0x000016e6       0x5e Drivers/SPIFlashDriver/spi_flash.o
 .debug_macro   0x00001744      0x1df Drivers/SPIFlashDriver/spi_flash.o
 .debug_macro   0x00001923       0x58 Drivers/SPIFlashDriver/spi_flash.o
 .debug_macro   0x0000197b       0x7c Drivers/SPIFlashDriver/spi_flash.o
 .debug_macro   0x000019f7       0x88 Drivers/SPIFlashDriver/spi_flash.o
 .debug_macro   0x00001a7f       0xb3 Drivers/SPIFlashDriver/spi_flash.o
 .debug_macro   0x00001b32       0x2e Drivers/SPIFlashDriver/spi_flash.o
 .debug_macro   0x00001b60       0x28 Drivers/SPIFlashDriver/spi_flash.o
 .debug_macro   0x00001b88       0x3b Drivers/SPIFlashDriver/spi_flash.o
 .debug_macro   0x00001bc3       0x50 Drivers/SPIFlashDriver/spi_flash.o
 .debug_macro   0x00001c13      0xe66 Drivers/SPIFlashDriver/spi_flash.o
 .debug_macro   0x00002a79    0x1a193 Drivers/SPIFlashDriver/spi_flash.o
 .debug_macro   0x0001cc0c       0x43 Drivers/SPIFlashDriver/spi_flash.o
 .debug_macro   0x0001cc4f     0x36a1 Drivers/SPIFlashDriver/spi_flash.o
 .debug_macro   0x000202f0       0x1c Drivers/SPIFlashDriver/spi_flash.o
 .debug_macro   0x0002030c       0x10 Drivers/SPIFlashDriver/spi_flash.o
 .debug_macro   0x0002031c       0x1c Drivers/SPIFlashDriver/spi_flash.o
 .debug_macro   0x00020338       0x52 Drivers/SPIFlashDriver/spi_flash.o
 .debug_macro   0x0002038a       0x40 Drivers/SPIFlashDriver/spi_flash.o
 .debug_macro   0x000203ca       0x10 Drivers/SPIFlashDriver/spi_flash.o
 .debug_macro   0x000203da       0x40 Drivers/SPIFlashDriver/spi_flash.o
 .debug_macro   0x0002041a       0xd7 Drivers/SPIFlashDriver/spi_flash.o
 .debug_macro   0x000204f1       0x16 Drivers/SPIFlashDriver/spi_flash.o
 .debug_macro   0x00020507      0x18b Drivers/SPIFlashDriver/spi_flash.o
 .debug_macro   0x00020692       0x50 Drivers/SPIFlashDriver/spi_flash.o
 .debug_macro   0x000206e2     0x1566 Drivers/SPIFlashDriver/spi_flash.o
 .debug_macro   0x00021c48      0x59e Drivers/SPIFlashDriver/spi_flash.o
 .debug_macro   0x000221e6      0x148 Drivers/SPIFlashDriver/spi_flash.o
 .debug_macro   0x0002232e      0x18b Drivers/SPIFlashDriver/spi_flash.o
 .debug_macro   0x000224b9      0x25d Drivers/SPIFlashDriver/spi_flash.o
 .debug_macro   0x00022716      0x23a Drivers/SPIFlashDriver/spi_flash.o
 .debug_macro   0x00022950      0x367 Drivers/SPIFlashDriver/spi_flash.o
 .debug_macro   0x00022cb7       0x10 Drivers/SPIFlashDriver/spi_flash.o
 .debug_macro   0x00022cc7       0xe4 Drivers/SPIFlashDriver/spi_flash.o
 .debug_macro   0x00022dab      0x202 Drivers/SPIFlashDriver/spi_flash.o
 .debug_macro   0x00022fad       0x61 Drivers/SPIFlashDriver/spi_flash.o
 .debug_macro   0x0002300e       0x90 Drivers/SPIFlashDriver/spi_flash.o
 .debug_macro   0x0002309e      0x126 Drivers/SPIFlashDriver/spi_flash.o
 .debug_macro   0x000231c4      0x3dc Drivers/SPIFlashDriver/spi_flash.o
 .debug_macro   0x000235a0      0x2e9 Drivers/SPIFlashDriver/spi_flash.o
 .debug_macro   0x00023889      0x535 Drivers/SPIFlashDriver/spi_flash.o
 .debug_macro   0x00023dbe       0x44 Drivers/SPIFlashDriver/spi_flash.o
 .debug_macro   0x00023e02      0x320 Drivers/SPIFlashDriver/spi_flash.o
 .debug_macro   0x00024122      0x194 Drivers/SPIFlashDriver/winbond.o
 .debug_macro   0x000242b6      0x35c Drivers/STM32L4xx_HAL_Driver/Src/stm32l4xx_hal.o
 .debug_macro   0x00024612       0x87 Drivers/STM32L4xx_HAL_Driver/Src/stm32l4xx_hal.o
 .debug_macro   0x00024699       0x44 Drivers/STM32L4xx_HAL_Driver/Src/stm32l4xx_hal.o
 .debug_macro   0x000246dd       0x52 Drivers/STM32L4xx_HAL_Driver/Src/stm32l4xx_hal.o
 .debug_macro   0x0002472f       0x16 Drivers/STM32L4xx_HAL_Driver/Src/stm32l4xx_hal.o
 .debug_macro   0x00024745       0x97 Drivers/STM32L4xx_HAL_Driver/Src/stm32l4xx_hal.o
 .debug_macro   0x000247dc       0xfd Drivers/STM32L4xx_HAL_Driver/Src/stm32l4xx_hal.o
 .debug_macro   0x000248d9      0x30e Drivers/STM32L4xx_HAL_Driver/Src/stm32l4xx_hal_cortex.o
 .debug_macro   0x00024be7      0x318 Drivers/STM32L4xx_HAL_Driver/Src/stm32l4xx_hal_flash.o
 .debug_macro   0x00024eff      0x30e Drivers/STM32L4xx_HAL_Driver/Src/stm32l4xx_hal_flash_ex.o
 .debug_macro   0x0002520d      0x34d Drivers/STM32L4xx_HAL_Driver/Src/stm32l4xx_hal_gpio.o
 .debug_macro   0x0002555a      0x332 Drivers/STM32L4xx_HAL_Driver/Src/stm32l4xx_hal_pwr_ex.o
 .debug_macro   0x0002588c      0x350 Drivers/STM32L4xx_HAL_Driver/Src/stm32l4xx_hal_rcc.o
 .debug_macro   0x00025bdc      0x344 Drivers/STM32L4xx_HAL_Driver/Src/stm32l4xx_hal_rcc_ex.o
 .debug_macro   0x00025f20      0x316 Drivers/STM32L4xx_HAL_Driver/Src/stm32l4xx_hal_spi.o
 .debug_macro   0x00026236      0x320 Drivers/STM32L4xx_HAL_Driver/Src/stm32l4xx_hal_uart.o
 .debug_macro   0x00026556      0x318 Src/gpio.o
 .debug_macro   0x0002686e      0x430 Src/main.o
 .debug_macro   0x00026c9e      0x322 Src/spi.o
 .debug_macro   0x00026fc0      0x30e Src/stm32l4xx_hal_msp.o
 .debug_macro   0x000272ce      0x318 Src/stm32l4xx_it.o
 .debug_macro   0x000275e6      0x31b Src/system_stm32l4xx.o
 .debug_macro   0x00027901       0x35 Src/system_stm32l4xx.o
 .debug_macro   0x00027936      0x322 Src/usart.o

.debug_line     0x00000000     0xcb1f
 .debug_line    0x00000000      0x9ff Drivers/SPIFlashDriver/spi_flash.o
 .debug_line    0x000009ff      0x450 Drivers/SPIFlashDriver/winbond.o
 .debug_line    0x00000e4f      0xa87 Drivers/STM32L4xx_HAL_Driver/Src/stm32l4xx_hal.o
 .debug_line    0x000018d6      0xa0e Drivers/STM32L4xx_HAL_Driver/Src/stm32l4xx_hal_cortex.o
 .debug_line    0x000022e4      0xad3 Drivers/STM32L4xx_HAL_Driver/Src/stm32l4xx_hal_flash.o
 .debug_line    0x00002db7      0xaef Drivers/STM32L4xx_HAL_Driver/Src/stm32l4xx_hal_flash_ex.o
 .debug_line    0x000038a6      0x9a6 Drivers/STM32L4xx_HAL_Driver/Src/stm32l4xx_hal_gpio.o
 .debug_line    0x0000424c      0xc83 Drivers/STM32L4xx_HAL_Driver/Src/stm32l4xx_hal_pwr_ex.o
 .debug_line    0x00004ecf      0xb75 Drivers/STM32L4xx_HAL_Driver/Src/stm32l4xx_hal_rcc.o
 .debug_line    0x00005a44      0xdb6 Drivers/STM32L4xx_HAL_Driver/Src/stm32l4xx_hal_rcc_ex.o
 .debug_line    0x000067fa     0x12a5 Drivers/STM32L4xx_HAL_Driver/Src/stm32l4xx_hal_spi.o
 .debug_line    0x00007a9f     0x12dc Drivers/STM32L4xx_HAL_Driver/Src/stm32l4xx_hal_uart.o
 .debug_line    0x00008d7b      0x849 Src/gpio.o
 .debug_line    0x000095c4      0xacd Src/main.o
 .debug_line    0x0000a091      0x882 Src/spi.o
 .debug_line    0x0000a913      0x842 Src/stm32l4xx_hal_msp.o
 .debug_line    0x0000b155      0x867 Src/stm32l4xx_it.o
 .debug_line    0x0000b9bc      0x869 Src/system_stm32l4xx.o
 .debug_line    0x0000c225      0x87b Src/usart.o
 .debug_line    0x0000caa0       0x7f startup/startup_stm32l476xx.o

.debug_str      0x00000000    0xe5c5b
 .debug_str     0x00000000    0xe1ae1 Drivers/SPIFlashDriver/spi_flash.o
                              0xe1eb1 (size before relaxing)
 .debug_str     0x000e1ae1      0x1ad Drivers/SPIFlashDriver/winbond.o
                               0x6767 (size before relaxing)
 .debug_str     0x000e1c8e      0xbeb Drivers/STM32L4xx_HAL_Driver/Src/stm32l4xx_hal.o
                              0xe2131 (size before relaxing)
 .debug_str     0x000e2879      0x36a Drivers/STM32L4xx_HAL_Driver/Src/stm32l4xx_hal_cortex.o
                              0xe1d9d (size before relaxing)
 .debug_str     0x000e2be3      0x386 Drivers/STM32L4xx_HAL_Driver/Src/stm32l4xx_hal_flash.o
                              0xe1835 (size before relaxing)
 .debug_str     0x000e2f69      0x27c Drivers/STM32L4xx_HAL_Driver/Src/stm32l4xx_hal_flash_ex.o
                              0xe18d0 (size before relaxing)
 .debug_str     0x000e31e5      0x2a2 Drivers/STM32L4xx_HAL_Driver/Src/stm32l4xx_hal_gpio.o
                              0xe1841 (size before relaxing)
 .debug_str     0x000e3487      0x4ab Drivers/STM32L4xx_HAL_Driver/Src/stm32l4xx_hal_pwr_ex.o
                              0xe1ab2 (size before relaxing)
 .debug_str     0x000e3932      0x51b Drivers/STM32L4xx_HAL_Driver/Src/stm32l4xx_hal_rcc.o
                              0xe1be4 (size before relaxing)
 .debug_str     0x000e3e4d      0x621 Drivers/STM32L4xx_HAL_Driver/Src/stm32l4xx_hal_rcc_ex.o
                              0xe1d47 (size before relaxing)
 .debug_str     0x000e446e      0x572 Drivers/STM32L4xx_HAL_Driver/Src/stm32l4xx_hal_spi.o
                              0xe1d6c (size before relaxing)
 .debug_str     0x000e49e0      0x9a3 Drivers/STM32L4xx_HAL_Driver/Src/stm32l4xx_hal_uart.o
                              0xe21fe (size before relaxing)
 .debug_str     0x000e5383       0x25 Src/gpio.o
                              0xe1586 (size before relaxing)
 .debug_str     0x000e53a8      0x7c4 Src/main.o
                              0xe2fc9 (size before relaxing)
 .debug_str     0x000e5b6c       0x17 Src/spi.o
                              0xe19b9 (size before relaxing)
 .debug_str     0x000e5b83       0x1b Src/stm32l4xx_hal_msp.o
                              0xe19ed (size before relaxing)
 .debug_str     0x000e5b9e       0x53 Src/stm32l4xx_it.o
                              0xe13c5 (size before relaxing)
 .debug_str     0x000e5bf1       0x50 Src/system_stm32l4xx.o
                              0xe15c6 (size before relaxing)
 .debug_str     0x000e5c41       0x1a Src/usart.o
                              0xe1a4d (size before relaxing)

.comment        0x00000000       0x6e
 .comment       0x00000000       0x6e Drivers/SPIFlashDriver/spi_flash.o
                                 0x6f (size before relaxing)
 .comment       0x0000006e       0x6f Drivers/SPIFlashDriver/winbond.o
 .comment       0x0000006e       0x6f Drivers/STM32L4xx_HAL_Driver/Src/stm32l4xx_hal.o
 .comment       0x0000006e       0x6f Drivers/STM32L4xx_HAL_Driver/Src/stm32l4xx_hal_cortex.o
 .comment       0x0000006e       0x6f Drivers/STM32L4xx_HAL_Driver/Src/stm32l4xx_hal_flash.o
 .comment       0x0000006e       0x6f Drivers/STM32L4xx_HAL_Driver/Src/stm32l4xx_hal_flash_ex.o
 .comment       0x0000006e       0x6f Drivers/STM32L4xx_HAL_Driver/Src/stm32l4xx_hal_gpio.o
 .comment       0x0000006e       0x6f Drivers/STM32L4xx_HAL_Driver/Src/stm32l4xx_hal_pwr_ex.o
 .comment       0x0000006e       0x6f Drivers/STM32L4xx_HAL_Driver/Src/stm32l4xx_hal_rcc.o
 .comment       0x0000006e       0x6f Drivers/STM32L4xx_HAL_Driver/Src/stm32l4xx_hal_rcc_ex.o
 .comment       0x0000006e       0x6f Drivers/STM32L4xx_HAL_Driver/Src/stm32l4xx_hal_spi.o
 .comment       0x0000006e       0x6f Drivers/STM32L4xx_HAL_Driver/Src/stm32l4xx_hal_uart.o
 .comment       0x0000006e       0x6f Src/gpio.o
 .comment       0x0000006e       0x6f Src/main.o
 .comment       0x0000006e       0x6f Src/spi.o
 .comment       0x0000006e       0x6f Src/stm32l4xx_hal_msp.o
 .comment       0x0000006e       0x6f Src/stm32l4xx_it.o
 .comment       0x0000006e       0x6f Src/system_stm32l4xx.o
 .comment       0x0000006e       0x6f Src/usart.o

.debug_frame    0x00000000     0x2134
 .debug_frame   0x00000000      0x1ac Drivers/SPIFlashDriver/spi_flash.o
 .debug_frame   0x000001ac       0x70 Drivers/SPIFlashDriver/winbond.o
 .debug_frame   0x0000021c      0x23c Drivers/STM32L4xx_HAL_Driver/Src/stm32l4xx_hal.o
 .debug_frame   0x00000458      0x134 Drivers/STM32L4xx_HAL_Driver/Src/stm32l4xx_hal_cortex.o
 .debug_frame   0x0000058c      0x144 Drivers/STM32L4xx_HAL_Driver/Src/stm32l4xx_hal_flash.o
 .debug_frame   0x000006d0      0x16c Drivers/STM32L4xx_HAL_Driver/Src/stm32l4xx_hal_flash_ex.o
 .debug_frame   0x0000083c       0xc4 Drivers/STM32L4xx_HAL_Driver/Src/stm32l4xx_hal_gpio.o
 .debug_frame   0x00000900      0x278 Drivers/STM32L4xx_HAL_Driver/Src/stm32l4xx_hal_pwr_ex.o
 .debug_frame   0x00000b78      0x14c Drivers/STM32L4xx_HAL_Driver/Src/stm32l4xx_hal_rcc.o
 .debug_frame   0x00000cc4      0x1ec Drivers/STM32L4xx_HAL_Driver/Src/stm32l4xx_hal_rcc_ex.o
 .debug_frame   0x00000eb0      0x5a4 Drivers/STM32L4xx_HAL_Driver/Src/stm32l4xx_hal_spi.o
 .debug_frame   0x00001454      0x564 Drivers/STM32L4xx_HAL_Driver/Src/stm32l4xx_hal_uart.o
 .debug_frame   0x000019b8       0x34 Src/gpio.o
 .debug_frame   0x000019ec      0x1bc Src/main.o
 .debug_frame   0x00001ba8       0x6c Src/spi.o
 .debug_frame   0x00001c14       0x2c Src/stm32l4xx_hal_msp.o
 .debug_frame   0x00001c40       0x48 Src/stm32l4xx_it.o
 .debug_frame   0x00001c88       0x30 Src/system_stm32l4xx.o
 .debug_frame   0x00001cb8       0x60 Src/usart.o
 .debug_frame   0x00001d18       0x2c c:/ac6/systemworkbench/plugins/fr.ac6.mcu.externaltools.arm-none.win32_1.13.1.201701261202/tools/compiler/bin/../lib/gcc/arm-none-eabi/5.4.1/armv7e-m/fpu\libgcc.a(_aeabi_uldivmod.o)
 .debug_frame   0x00001d44       0x34 c:/ac6/systemworkbench/plugins/fr.ac6.mcu.externaltools.arm-none.win32_1.13.1.201701261202/tools/compiler/bin/../lib/gcc/arm-none-eabi/5.4.1/armv7e-m/fpu\libgcc.a(_udivmoddi4.o)
 .debug_frame   0x00001d78       0x2c c:/ac6/systemworkbench/plugins/fr.ac6.mcu.externaltools.arm-none.win32_1.13.1.201701261202/tools/compiler/bin/../lib/gcc/arm-none-eabi/5.4.1/../../../../arm-none-eabi/lib/armv7e-m/fpu\libc_nano.a(lib_a-init.o)
 .debug_frame   0x00001da4       0x30 c:/ac6/systemworkbench/plugins/fr.ac6.mcu.externaltools.arm-none.win32_1.13.1.201701261202/tools/compiler/bin/../lib/gcc/arm-none-eabi/5.4.1/../../../../arm-none-eabi/lib/armv7e-m/fpu\libc_nano.a(lib_a-malloc.o)
 .debug_frame   0x00001dd4       0x28 c:/ac6/systemworkbench/plugins/fr.ac6.mcu.externaltools.arm-none.win32_1.13.1.201701261202/tools/compiler/bin/../lib/gcc/arm-none-eabi/5.4.1/../../../../arm-none-eabi/lib/armv7e-m/fpu\libc_nano.a(lib_a-memcmp.o)
 .debug_frame   0x00001dfc       0x28 c:/ac6/systemworkbench/plugins/fr.ac6.mcu.externaltools.arm-none.win32_1.13.1.201701261202/tools/compiler/bin/../lib/gcc/arm-none-eabi/5.4.1/../../../../arm-none-eabi/lib/armv7e-m/fpu\libc_nano.a(lib_a-memcpy-stub.o)
 .debug_frame   0x00001e24       0x20 c:/ac6/systemworkbench/plugins/fr.ac6.mcu.externaltools.arm-none.win32_1.13.1.201701261202/tools/compiler/bin/../lib/gcc/arm-none-eabi/5.4.1/../../../../arm-none-eabi/lib/armv7e-m/fpu\libc_nano.a(lib_a-memset.o)
 .debug_frame   0x00001e44       0x38 c:/ac6/systemworkbench/plugins/fr.ac6.mcu.externaltools.arm-none.win32_1.13.1.201701261202/tools/compiler/bin/../lib/gcc/arm-none-eabi/5.4.1/../../../../arm-none-eabi/lib/armv7e-m/fpu\libc_nano.a(lib_a-nano-freer.o)
 .debug_frame   0x00001e7c       0x2c c:/ac6/systemworkbench/plugins/fr.ac6.mcu.externaltools.arm-none.win32_1.13.1.201701261202/tools/compiler/bin/../lib/gcc/arm-none-eabi/5.4.1/../../../../arm-none-eabi/lib/armv7e-m/fpu\libc_nano.a(lib_a-nano-mallocr.o)
 .debug_frame   0x00001ea8       0x2c c:/ac6/systemworkbench/plugins/fr.ac6.mcu.externaltools.arm-none.win32_1.13.1.201701261202/tools/compiler/bin/../lib/gcc/arm-none-eabi/5.4.1/../../../../arm-none-eabi/lib/armv7e-m/fpu\libc_nano.a(lib_a-sbrkr.o)
 .debug_frame   0x00001ed4       0x40 c:/ac6/systemworkbench/plugins/fr.ac6.mcu.externaltools.arm-none.win32_1.13.1.201701261202/tools/compiler/bin/../lib/gcc/arm-none-eabi/5.4.1/../../../../arm-none-eabi/lib/armv7e-m/fpu\libc_nano.a(lib_a-vsprintf.o)
 .debug_frame   0x00001f14       0x30 c:/ac6/systemworkbench/plugins/fr.ac6.mcu.externaltools.arm-none.win32_1.13.1.201701261202/tools/compiler/bin/../lib/gcc/arm-none-eabi/5.4.1/../../../../arm-none-eabi/lib/armv7e-m/fpu\libc_nano.a(lib_a-mlock.o)
 .debug_frame   0x00001f44       0x90 c:/ac6/systemworkbench/plugins/fr.ac6.mcu.externaltools.arm-none.win32_1.13.1.201701261202/tools/compiler/bin/../lib/gcc/arm-none-eabi/5.4.1/../../../../arm-none-eabi/lib/armv7e-m/fpu\libc_nano.a(lib_a-nano-svfprintf.o)
 .debug_frame   0x00001fd4       0x60 c:/ac6/systemworkbench/plugins/fr.ac6.mcu.externaltools.arm-none.win32_1.13.1.201701261202/tools/compiler/bin/../lib/gcc/arm-none-eabi/5.4.1/../../../../arm-none-eabi/lib/armv7e-m/fpu\libc_nano.a(lib_a-nano-vfprintf_i.o)
 .debug_frame   0x00002034       0x5c c:/ac6/systemworkbench/plugins/fr.ac6.mcu.externaltools.arm-none.win32_1.13.1.201701261202/tools/compiler/bin/../lib/gcc/arm-none-eabi/5.4.1/../../../../arm-none-eabi/lib/armv7e-m/fpu\libc_nano.a(lib_a-reent.o)
 .debug_frame   0x00002090       0x28 c:/ac6/systemworkbench/plugins/fr.ac6.mcu.externaltools.arm-none.win32_1.13.1.201701261202/tools/compiler/bin/../lib/gcc/arm-none-eabi/5.4.1/../../../../arm-none-eabi/lib/armv7e-m/fpu\libc_nano.a(lib_a-memmove.o)
 .debug_frame   0x000020b8       0x3c c:/ac6/systemworkbench/plugins/fr.ac6.mcu.externaltools.arm-none.win32_1.13.1.201701261202/tools/compiler/bin/../lib/gcc/arm-none-eabi/5.4.1/../../../../arm-none-eabi/lib/armv7e-m/fpu\libc_nano.a(lib_a-nano-reallocr.o)
 .debug_frame   0x000020f4       0x20 c:/ac6/systemworkbench/plugins/fr.ac6.mcu.externaltools.arm-none.win32_1.13.1.201701261202/tools/compiler/bin/../lib/gcc/arm-none-eabi/5.4.1/../../../../arm-none-eabi/lib/armv7e-m/fpu\libc_nano.a(lib_a-nano-msizer.o)
 .debug_frame   0x00002114       0x20 c:/ac6/systemworkbench/plugins/fr.ac6.mcu.externaltools.arm-none.win32_1.13.1.201701261202/tools/compiler/bin/../lib/gcc/arm-none-eabi/5.4.1/../../../../arm-none-eabi/lib/armv7e-m/fpu\libnosys.a(sbrk.o)
