Archive member included to satisfy reference by file (symbol)

c:/ac6/systemworkbench/plugins/fr.ac6.mcu.externaltools.arm-none.win32_1.13.1.201701261202/tools/compiler/bin/../lib/gcc/arm-none-eabi/5.4.1/../../../../arm-none-eabi/lib/armv7e-m/fpu\libc_nano.a(lib_a-exit.o)
                              c:/ac6/systemworkbench/plugins/fr.ac6.mcu.externaltools.arm-none.win32_1.13.1.201701261202/tools/compiler/bin/../lib/gcc/arm-none-eabi/5.4.1/../../../../arm-none-eabi/lib/armv7e-m/fpu/crt0.o (exit)
c:/ac6/systemworkbench/plugins/fr.ac6.mcu.externaltools.arm-none.win32_1.13.1.201701261202/tools/compiler/bin/../lib/gcc/arm-none-eabi/5.4.1/../../../../arm-none-eabi/lib/armv7e-m/fpu\libc_nano.a(lib_a-impure.o)
                              c:/ac6/systemworkbench/plugins/fr.ac6.mcu.externaltools.arm-none.win32_1.13.1.201701261202/tools/compiler/bin/../lib/gcc/arm-none-eabi/5.4.1/../../../../arm-none-eabi/lib/armv7e-m/fpu\libc_nano.a(lib_a-exit.o) (_global_impure_ptr)
c:/ac6/systemworkbench/plugins/fr.ac6.mcu.externaltools.arm-none.win32_1.13.1.201701261202/tools/compiler/bin/../lib/gcc/arm-none-eabi/5.4.1/../../../../arm-none-eabi/lib/armv7e-m/fpu\libc_nano.a(lib_a-init.o)
                              c:/ac6/systemworkbench/plugins/fr.ac6.mcu.externaltools.arm-none.win32_1.13.1.201701261202/tools/compiler/bin/../lib/gcc/arm-none-eabi/5.4.1/../../../../arm-none-eabi/lib/armv7e-m/fpu/crt0.o (__libc_init_array)
c:/ac6/systemworkbench/plugins/fr.ac6.mcu.externaltools.arm-none.win32_1.13.1.201701261202/tools/compiler/bin/../lib/gcc/arm-none-eabi/5.4.1/../../../../arm-none-eabi/lib/armv7e-m/fpu\libc_nano.a(lib_a-malloc.o)
                              Drivers/SPIFlashDriver/spi_flash.o (malloc)
c:/ac6/systemworkbench/plugins/fr.ac6.mcu.externaltools.arm-none.win32_1.13.1.201701261202/tools/compiler/bin/../lib/gcc/arm-none-eabi/5.4.1/../../../../arm-none-eabi/lib/armv7e-m/fpu\libc_nano.a(lib_a-memcmp.o)
                              Src/main.o (memcmp)
c:/ac6/systemworkbench/plugins/fr.ac6.mcu.externaltools.arm-none.win32_1.13.1.201701261202/tools/compiler/bin/../lib/gcc/arm-none-eabi/5.4.1/../../../../arm-none-eabi/lib/armv7e-m/fpu\libc_nano.a(lib_a-memcpy-stub.o)
                              Drivers/SPIFlashDriver/spi_flash.o (memcpy)
c:/ac6/systemworkbench/plugins/fr.ac6.mcu.externaltools.arm-none.win32_1.13.1.201701261202/tools/compiler/bin/../lib/gcc/arm-none-eabi/5.4.1/../../../../arm-none-eabi/lib/armv7e-m/fpu\libc_nano.a(lib_a-memset.o)
                              c:/ac6/systemworkbench/plugins/fr.ac6.mcu.externaltools.arm-none.win32_1.13.1.201701261202/tools/compiler/bin/../lib/gcc/arm-none-eabi/5.4.1/../../../../arm-none-eabi/lib/armv7e-m/fpu/crt0.o (memset)
c:/ac6/systemworkbench/plugins/fr.ac6.mcu.externaltools.arm-none.win32_1.13.1.201701261202/tools/compiler/bin/../lib/gcc/arm-none-eabi/5.4.1/../../../../arm-none-eabi/lib/armv7e-m/fpu\libc_nano.a(lib_a-nano-freer.o)
                              c:/ac6/systemworkbench/plugins/fr.ac6.mcu.externaltools.arm-none.win32_1.13.1.201701261202/tools/compiler/bin/../lib/gcc/arm-none-eabi/5.4.1/../../../../arm-none-eabi/lib/armv7e-m/fpu\libc_nano.a(lib_a-malloc.o) (_free_r)
c:/ac6/systemworkbench/plugins/fr.ac6.mcu.externaltools.arm-none.win32_1.13.1.201701261202/tools/compiler/bin/../lib/gcc/arm-none-eabi/5.4.1/../../../../arm-none-eabi/lib/armv7e-m/fpu\libc_nano.a(lib_a-nano-mallocr.o)
                              c:/ac6/systemworkbench/plugins/fr.ac6.mcu.externaltools.arm-none.win32_1.13.1.201701261202/tools/compiler/bin/../lib/gcc/arm-none-eabi/5.4.1/../../../../arm-none-eabi/lib/armv7e-m/fpu\libc_nano.a(lib_a-malloc.o) (_malloc_r)
c:/ac6/systemworkbench/plugins/fr.ac6.mcu.externaltools.arm-none.win32_1.13.1.201701261202/tools/compiler/bin/../lib/gcc/arm-none-eabi/5.4.1/../../../../arm-none-eabi/lib/armv7e-m/fpu\libc_nano.a(lib_a-sbrkr.o)
                              c:/ac6/systemworkbench/plugins/fr.ac6.mcu.externaltools.arm-none.win32_1.13.1.201701261202/tools/compiler/bin/../lib/gcc/arm-none-eabi/5.4.1/../../../../arm-none-eabi/lib/armv7e-m/fpu\libc_nano.a(lib_a-nano-mallocr.o) (_sbrk_r)
c:/ac6/systemworkbench/plugins/fr.ac6.mcu.externaltools.arm-none.win32_1.13.1.201701261202/tools/compiler/bin/../lib/gcc/arm-none-eabi/5.4.1/../../../../arm-none-eabi/lib/armv7e-m/fpu\libc_nano.a(lib_a-mlock.o)
                              c:/ac6/systemworkbench/plugins/fr.ac6.mcu.externaltools.arm-none.win32_1.13.1.201701261202/tools/compiler/bin/../lib/gcc/arm-none-eabi/5.4.1/../../../../arm-none-eabi/lib/armv7e-m/fpu\libc_nano.a(lib_a-nano-freer.o) (__malloc_lock)
c:/ac6/systemworkbench/plugins/fr.ac6.mcu.externaltools.arm-none.win32_1.13.1.201701261202/tools/compiler/bin/../lib/gcc/arm-none-eabi/5.4.1/../../../../arm-none-eabi/lib/armv7e-m/fpu\libc_nano.a(lib_a-reent.o)
[...]
Memory Configuration

Name             Origin             Length             Attributes
RAM              0x20000000         0x00018000         xrw
RAM2             0x10000000         0x00008000         xrw
FLASH            0x08000000         0x00100000         xr
*default*        0x00000000         0xffffffff

Linker script and memory map

LOAD c:/ac6/systemworkbench/plugins/fr.ac6.mcu.externaltools.arm-none.win32_1.13.1.201701261202/tools/compiler/bin/../lib/gcc/arm-none-eabi/5.4.1/armv7e-m/fpu/crti.o
LOAD c:/ac6/systemworkbench/plugins/fr.ac6.mcu.externaltools.arm-none.win32_1.13.1.201701261202/tools/compiler/bin/../lib/gcc/arm-none-eabi/5.4.1/armv7e-m/fpu/crtbegin.o
LOAD c:/ac6/systemworkbench/plugins/fr.ac6.mcu.externaltools.arm-none.win32_1.13.1.201701261202/tools/compiler/bin/../lib/gcc/arm-none-eabi/5.4.1/../../../../arm-none-eabi/lib/armv7e-m/fpu/crt0.o
LOAD c:/ac6/systemworkbench/plugins/fr.ac6.mcu.externaltools.arm-none.win32_1.13.1.201701261202/tools/compiler/bin/../lib/gcc/arm-none-eabi/5.4.1/../../../../arm-none-eabi/lib/armv7e-m/fpu\libm.a
LOAD Drivers/SPIFlashDriver/spi_flash.o
LOAD Drivers/SPIFlashDriver/winbond.o
LOAD Drivers/STM32L4xx_HAL_Driver/Src/stm32l4xx_hal.o
LOAD Drivers/STM32L4xx_HAL_Driver/Src/stm32l4xx_hal_cortex.o
LOAD Drivers/STM32L4xx_HAL_Driver/Src/stm32l4xx_hal_dma.o
LOAD Drivers/STM32L4xx_HAL_Driver/Src/stm32l4xx_hal_flash.o
LOAD Drivers/STM32L4xx_HAL_Driver/Src/stm32l4xx_hal_flash_ex.o
LOAD Drivers/STM32L4xx_HAL_Driver/Src/stm32l4xx_hal_flash_ramfunc.o
LOAD Drivers/STM32L4xx_HAL_Driver/Src/stm32l4xx_hal_gpio.o
LOAD Drivers/STM32L4xx_HAL_Driver/Src/stm32l4xx_hal_i2c.o
LOAD Drivers/STM32L4xx_HAL_Driver/Src/stm32l4xx_hal_i2c_ex.o
LOAD Drivers/STM32L4xx_HAL_Driver/Src/stm32l4xx_hal_pwr.o
LOAD Drivers/STM32L4xx_HAL_Driver/Src/stm32l4xx_hal_pwr_ex.o
LOAD Drivers/STM32L4xx_HAL_Driver/Src/stm32l4xx_hal_rcc.o
LOAD Drivers/STM32L4xx_HAL_Driver/Src/stm32l4xx_hal_rcc_ex.o
LOAD Drivers/STM32L4xx_HAL_Driver/Src/stm32l4xx_hal_spi.o
LOAD Drivers/STM32L4xx_HAL_Driver/Src/stm32l4xx_hal_spi_ex.o
LOAD Drivers/STM32L4xx_HAL_Driver/Src/stm32l4xx_hal_tim.o
LOAD Drivers/STM32L4xx_HAL_Driver/Src/stm32l4xx_hal_tim_ex.o
LOAD Src/gpio.o
LOAD Src/main.o
LOAD Src/spi.o
LOAD Src/stm32l4xx_hal_msp.o
LOAD Src/stm32l4xx_it.o
LOAD Src/system_stm32l4xx.o
LOAD startup/startup_stm32l476xx.o
START GROUP
LOAD c:/ac6/systemworkbench/plugins/fr.ac6.mcu.externaltools.arm-none.win32_1.13.1.201701261202/tools/compiler/bin/../lib/gcc/arm-none-eabi/5.4.1/armv7e-m/fpu\libgcc.a
LOAD c:/ac6/systemworkbench/plugins/fr.ac6.mcu.externaltools.arm-none.win32_1.13.1.201701261202/tools/compiler/bin/../lib/gcc/arm-none-eabi/5.4.1/../../../../arm-none-eabi/lib/armv7e-m/fpu\libc_nano.a
END GROUP
START GROUP
LOAD c:/ac6/systemworkbench/plugins/fr.ac6.mcu.externaltools.arm-none.win32_1.13.1.201701261202/tools/compiler/bin/../lib/gcc/arm-none-eabi/5.4.1/armv7e-m/fpu\libgcc.a
LOAD c:/ac6/systemworkbench/plugins/fr.ac6.mcu.externaltools.arm-none.win32_1.13.1.201701261202/tools/compiler/bin/../lib/gcc/arm-none-eabi/5.4.1/../../../../arm-none-eabi/lib/armv7e-m/fpu\libc_nano.a
LOAD c:/ac6/systemworkbench/plugins/fr.ac6.mcu.externaltools.arm-none.win32_1.13.1.201701261202/tools/compiler/bin/../lib/gcc/arm-none-eabi/5.4.1/../../../../arm-none-eabi/lib/armv7e-m/fpu\libnosys.a
END GROUP
START GROUP
LOAD c:/ac6/systemworkbench/plugins/fr.ac6.mcu.externaltools.arm-none.win32_1.13.1.201701261202/tools/compiler/bin/../lib/gcc/arm-none-eabi/5.4.1/armv7e-m/fpu\libgcc.a
LOAD c:/ac6/systemworkbench/plugins/fr.ac6.mcu.externaltools.arm-none.win32_1.13.1.201701261202/tools/compiler/bin/../lib/gcc/arm-none-eabi/5.4.1/../../../../arm-none-eabi/lib/armv7e-m/fpu\libc_nano.a
LOAD c:/ac6/systemworkbench/plugins/fr.ac6.mcu.externaltools.arm-none.win32_1.13.1.201701261202/tools/compiler/bin/../lib/gcc/arm-none-eabi/5.4.1/../../../../arm-none-eabi/lib/armv7e-m/fpu\libnosys.a
END GROUP
LOAD c:/ac6/systemworkbench/plugins/fr.ac6.mcu.externaltools.arm-none.win32_1.13.1.201701261202/tools/compiler/bin/../lib/gcc/arm-none-eabi/5.4.1/armv7e-m/fpu/crtend.o
LOAD c:/ac6/systemworkbench/plugins/fr.ac6.mcu.externaltools.arm-none.win32_1.13.1.201701261202/tools/compiler/bin/../lib/gcc/arm-none-eabi/5.4.1/armv7e-m/fpu/crtn.o
                0x20018000                _estack = 0x20018000
                0x00000200                _Min_Heap_Size = 0x200
                0x00000400                _Min_Stack_Size = 0x400

.isr_vector     0x08000000      0x188
                0x08000000                . = ALIGN (0x8)
 *(.isr_vector)
 .isr_vector    0x08000000      0x188 startup/startup_stm32l476xx.o
                0x08000000                g_pfnVectors
                0x08000188                . = ALIGN (0x8)

.text           0x08000188     0x25a0
                0x08000188                . = ALIGN (0x8)
 *(.text)
 .text          0x08000188       0x5c c:/ac6/systemworkbench/plugins/fr.ac6.mcu.externaltools.arm-none.win32_1.13.1.201701261202/tools/compiler/bin/../lib/gcc/arm-none-eabi/5.4.1/armv7e-m/fpu/crtbegin.o
 *(.text*)
 .text.spi_flash_addr
                0x080001e4        0xc Drivers/SPIFlashDriver/spi_flash.o
 .text.spi_xfer
                0x080001f0       0x50 Drivers/SPIFlashDriver/spi_flash.o
                0x080001f0                spi_xfer
 .text.spi_flash_cmd
                0x08000240       0x24 Drivers/SPIFlashDriver/spi_flash.o
                0x08000240                spi_flash_cmd
 .text.spi_flash_cmd_read
                0x08000264       0x18 Drivers/SPIFlashDriver/spi_flash.o
                0x08000264                spi_flash_cmd_read
 .text.spi_flash_cmd_read_fast
                0x0800027c       0x34 Drivers/SPIFlashDriver/spi_flash.o
                0x0800027c                spi_flash_cmd_read_fast
 .text.spi_flash_cmd_poll_bit
                0x080002b0       0x54 Drivers/SPIFlashDriver/spi_flash.o
                0x080002b0                spi_flash_cmd_poll_bit
 .text.spi_flash_cmd_wait_ready
                0x08000304        0xc Drivers/SPIFlashDriver/spi_flash.o
                0x08000304                spi_flash_cmd_wait_ready
 .text.spi_flash_cmd_write
                0x08000310       0x4c Drivers/SPIFlashDriver/spi_flash.o
                0x08000310                spi_flash_cmd_write
 .text.spi_flash_cmd_erase
                0x0800035c       0x80 Drivers/SPIFlashDriver/spi_flash.o
                0x0800035c                spi_flash_cmd_erase
 .text.spi_setup_slave
                0x080003dc       0x18 Drivers/SPIFlashDriver/spi_flash.o
                0x080003dc                spi_setup_slave
 .text.spi_flash_probe
                0x080003f4       0x60 Drivers/SPIFlashDriver/spi_flash.o
                0x080003f4                spi_flash_probe
 .text.winbond_erase
                0x08000454       0x10 Drivers/SPIFlashDriver/winbond.o
 .text.winbond_write
                0x08000464       0x9c Drivers/SPIFlashDriver/winbond.o
 .text.spi_flash_probe_winbond
                0x08000500       0x80 Drivers/SPIFlashDriver/winbond.o
                0x08000500                spi_flash_probe_winbond
 .text.HAL_MspDeInit
                0x08000580        0x4 Drivers/STM32L4xx_HAL_Driver/Src/stm32l4xx_hal.o
                0x08000580                HAL_MspDeInit
 .text.HAL_DeInit
                0x08000584       0x2c Drivers/STM32L4xx_HAL_Driver/Src/stm32l4xx_hal.o
                0x08000584                HAL_DeInit
 .text.HAL_InitTick
                0x080005b0       0x2c Drivers/STM32L4xx_HAL_Driver/Src/stm32l4xx_hal.o
                0x080005b0                HAL_InitTick
 .text.HAL_Init
                0x080005dc       0x24 Drivers/STM32L4xx_HAL_Driver/Src/stm32l4xx_hal.o
                0x080005dc                HAL_Init
 .text.HAL_IncTick
                0x08000600       0x10 Drivers/STM32L4xx_HAL_Driver/Src/stm32l4xx_hal.o
                0x08000600                HAL_IncTick
 .text.HAL_GetTick
                0x08000610        0xc Drivers/STM32L4xx_HAL_Driver/Src/stm32l4xx_hal.o
                0x08000610                HAL_GetTick
 .text.HAL_NVIC_SetPriorityGrouping
                0x0800061c       0x24 Drivers/STM32L4xx_HAL_Driver/Src/stm32l4xx_hal_cortex.o
                0x0800061c                HAL_NVIC_SetPriorityGrouping
 .text.HAL_NVIC_SetPriority
                0x08000640       0x64 Drivers/STM32L4xx_HAL_Driver/Src/stm32l4xx_hal_cortex.o
                0x08000640                HAL_NVIC_SetPriority
 .text.HAL_SYSTICK_Config
                0x080006a4       0x2c Drivers/STM32L4xx_HAL_Driver/Src/stm32l4xx_hal_cortex.o
                0x080006a4                HAL_SYSTICK_Config
 .text.HAL_SYSTICK_CLKSourceConfig
                0x080006d0       0x20 Drivers/STM32L4xx_HAL_Driver/Src/stm32l4xx_hal_cortex.o
                0x080006d0                HAL_SYSTICK_CLKSourceConfig
 .text.HAL_SYSTICK_Callback
                0x080006f0        0x4 Drivers/STM32L4xx_HAL_Driver/Src/stm32l4xx_hal_cortex.o
                0x080006f0                HAL_SYSTICK_Callback
 .text.HAL_SYSTICK_IRQHandler
                0x080006f4        0x8 Drivers/STM32L4xx_HAL_Driver/Src/stm32l4xx_hal_cortex.o
                0x080006f4                HAL_SYSTICK_IRQHandler
 .text.HAL_FLASH_Unlock
                0x080006fc       0x24 Drivers/STM32L4xx_HAL_Driver/Src/stm32l4xx_hal_flash.o
                0x080006fc                HAL_FLASH_Unlock
 .text.HAL_FLASH_Lock
                0x08000720       0x14 Drivers/STM32L4xx_HAL_Driver/Src/stm32l4xx_hal_flash.o
                0x08000720                HAL_FLASH_Lock
 .text.FLASH_PageErase
                0x08000734       0x4c Drivers/STM32L4xx_HAL_Driver/Src/stm32l4xx_hal_flash_ex.o
                0x08000734                FLASH_PageErase
 .text.HAL_GPIO_Init
                0x08000780      0x1cc Drivers/STM32L4xx_HAL_Driver/Src/stm32l4xx_hal_gpio.o
                0x08000780                HAL_GPIO_Init
 .text.HAL_GPIO_DeInit
                0x0800094c      0x114 Drivers/STM32L4xx_HAL_Driver/Src/stm32l4xx_hal_gpio.o
                0x0800094c                HAL_GPIO_DeInit
 .text.HAL_GPIO_WritePin
                0x08000a60        0xc Drivers/STM32L4xx_HAL_Driver/Src/stm32l4xx_hal_gpio.o
                0x08000a60                HAL_GPIO_WritePin
 .text.HAL_PWREx_GetVoltageRange
                0x08000a6c       0x10 Drivers/STM32L4xx_HAL_Driver/Src/stm32l4xx_hal_pwr_ex.o
                0x08000a6c                HAL_PWREx_GetVoltageRange
 .text.HAL_PWREx_ControlVoltageScaling
                0x08000a7c       0x90 Drivers/STM32L4xx_HAL_Driver/Src/stm32l4xx_hal_pwr_ex.o
                0x08000a7c                HAL_PWREx_ControlVoltageScaling
 .text.RCC_SetFlashLatencyFromMSIRange
                0x08000b0c       0x90 Drivers/STM32L4xx_HAL_Driver/Src/stm32l4xx_hal_rcc.o
 .text.HAL_RCC_GetSysClockFreq
                0x08000b9c      0x100 Drivers/STM32L4xx_HAL_Driver/Src/stm32l4xx_hal_rcc.o
                0x08000b9c                HAL_RCC_GetSysClockFreq
 .text.HAL_RCC_OscConfig
                0x08000c9c      0x598 Drivers/STM32L4xx_HAL_Driver/Src/stm32l4xx_hal_rcc.o
                0x08000c9c                HAL_RCC_OscConfig
 .text.HAL_RCC_ClockConfig
                0x08001234      0x1bc Drivers/STM32L4xx_HAL_Driver/Src/stm32l4xx_hal_rcc.o
                0x08001234                HAL_RCC_ClockConfig
 .text.HAL_RCC_GetHCLKFreq
                0x080013f0        0xc Drivers/STM32L4xx_HAL_Driver/Src/stm32l4xx_hal_rcc.o
                0x080013f0                HAL_RCC_GetHCLKFreq
 .text.SPI_WaitFlagStateUntilTimeout
                0x080013fc       0x90 Drivers/STM32L4xx_HAL_Driver/Src/stm32l4xx_hal_spi.o
 .text.SPI_WaitFifoStateUntilTimeout
                0x0800148c       0x9c Drivers/STM32L4xx_HAL_Driver/Src/stm32l4xx_hal_spi.o
 .text.SPI_EndRxTxTransaction
                0x08001528       0x68 Drivers/STM32L4xx_HAL_Driver/Src/stm32l4xx_hal_spi.o
 .text.SPI_EndRxTransaction
                0x08001590       0x84 Drivers/STM32L4xx_HAL_Driver/Src/stm32l4xx_hal_spi.o
 .text.HAL_SPI_Init
                0x08001614       0xb4 Drivers/STM32L4xx_HAL_Driver/Src/stm32l4xx_hal_spi.o
                0x08001614                HAL_SPI_Init
 .text.HAL_SPI_DeInit
                0x080016c8       0x2c Drivers/STM32L4xx_HAL_Driver/Src/stm32l4xx_hal_spi.o
                0x080016c8                HAL_SPI_DeInit
 .text.HAL_SPI_Transmit
                0x080016f4      0x1d0 Drivers/STM32L4xx_HAL_Driver/Src/stm32l4xx_hal_spi.o
                0x080016f4                HAL_SPI_Transmit
 .text.HAL_SPI_TransmitReceive
                0x080018c4      0x2cc Drivers/STM32L4xx_HAL_Driver/Src/stm32l4xx_hal_spi.o
                0x080018c4                HAL_SPI_TransmitReceive
 .text.HAL_SPI_Receive
                0x08001b90      0x190 Drivers/STM32L4xx_HAL_Driver/Src/stm32l4xx_hal_spi.o
                0x08001b90                HAL_SPI_Receive
 .text.MX_GPIO_Init
                0x08001d20       0xd8 Src/gpio.o
                0x08001d20                MX_GPIO_Init
 .text.execute_user_code
                0x08001df8       0x4c Src/main.o
                0x08001df8                execute_user_code
 .text.myFMC_Erase
                0x08001e44       0x10 Src/main.o
                0x08001e44                myFMC_Erase
 .text.FMC_ProgramPage
                0x08001e54       0x58 Src/main.o
                0x08001e54                FMC_ProgramPage
 .text._Error_Handler
                0x08001eac        0x4 Src/main.o
                0x08001eac                _Error_Handler
 .text.SystemClock_Config
                0x08001eb0       0xa0 Src/main.o
                0x08001eb0                SystemClock_Config
 .text.main     0x08001f50      0x408 Src/main.o
                0x08001f50                main
 .text.MX_SPI2_Init
                0x08002358       0x50 Src/spi.o
                0x08002358                MX_SPI2_Init
 .text.HAL_SPI_MspInit
                0x080023a8       0x68 Src/spi.o
                0x080023a8                HAL_SPI_MspInit
 .text.HAL_SPI_MspDeInit
                0x08002410       0x38 Src/spi.o
                0x08002410                HAL_SPI_MspDeInit
 .text.HAL_MspInit
                0x08002448       0x90 Src/stm32l4xx_hal_msp.o
                0x08002448                HAL_MspInit
 .text.SysTick_Handler
                0x080024d8        0xc Src/stm32l4xx_it.o
                0x080024d8                SysTick_Handler
 .text.SystemInit
                0x080024e4       0x48 Src/system_stm32l4xx.o
                0x080024e4                SystemInit
 .text.Reset_Handler
                0x0800252c       0x50 startup/startup_stm32l476xx.o
                0x0800252c                Reset_Handler
 .text.Default_Handler
                0x0800257c        0x2 startup/startup_stm32l476xx.o
                0x0800257c                RTC_Alarm_IRQHandler
                0x0800257c                EXTI2_IRQHandler
                0x0800257c                TIM8_TRG_COM_IRQHandler
                0x0800257c                TIM8_CC_IRQHandler
                0x0800257c                DebugMon_Handler
                0x0800257c                TIM1_CC_IRQHandler
                0x0800257c                TSC_IRQHandler
                0x0800257c                HardFault_Handler
                0x0800257c                TAMP_STAMP_IRQHandler
                0x0800257c                PendSV_Handler
                0x0800257c                NMI_Handler
                0x0800257c                EXTI3_IRQHandler
                0x0800257c                LPTIM2_IRQHandler
                0x0800257c                DFSDM1_FLT1_IRQHandler
                0x0800257c                I2C3_ER_IRQHandler
                0x0800257c                DFSDM1_FLT2_IRQHandler
                0x0800257c                EXTI0_IRQHandler
                0x0800257c                I2C2_EV_IRQHandler
                0x0800257c                CAN1_RX0_IRQHandler
                0x0800257c                FPU_IRQHandler
                0x0800257c                TIM1_UP_TIM16_IRQHandler
                0x0800257c                UsageFault_Handler
                0x0800257c                ADC1_2_IRQHandler
                0x0800257c                SPI1_IRQHandler
                0x0800257c                TIM6_DAC_IRQHandler
                0x0800257c                TIM8_UP_IRQHandler
                0x0800257c                DMA2_Channel2_IRQHandler
                0x0800257c                DMA1_Channel4_IRQHandler
                0x0800257c                SAI2_IRQHandler
                0x0800257c                DFSDM1_FLT3_IRQHandler
                0x0800257c                USART3_IRQHandler
                0x0800257c                DMA1_Channel7_IRQHandler
                0x0800257c                CAN1_RX1_IRQHandler
                0x0800257c                LCD_IRQHandler
                0x0800257c                UART5_IRQHandler
                0x0800257c                ADC3_IRQHandler
                0x0800257c                TIM4_IRQHandler
                0x0800257c                DMA2_Channel1_IRQHandler
                0x0800257c                QUADSPI_IRQHandler
                0x0800257c                I2C1_EV_IRQHandler
                0x0800257c                DMA1_Channel6_IRQHandler
                0x0800257c                UART4_IRQHandler
                0x0800257c                DMA2_Channel4_IRQHandler
                0x0800257c                TIM3_IRQHandler
                0x0800257c                RCC_IRQHandler
                0x0800257c                DMA1_Channel1_IRQHandler
                0x0800257c                Default_Handler
                0x0800257c                DMA2_Channel7_IRQHandler
                0x0800257c                EXTI15_10_IRQHandler
                0x0800257c                TIM7_IRQHandler
                0x0800257c                SDMMC1_IRQHandler
                0x0800257c                TIM5_IRQHandler
                0x0800257c                I2C3_EV_IRQHandler
                0x0800257c                EXTI9_5_IRQHandler
                0x0800257c                RTC_WKUP_IRQHandler
                0x0800257c                PVD_PVM_IRQHandler
                0x0800257c                SPI2_IRQHandler
                0x0800257c                MemManage_Handler
                0x0800257c                CAN1_TX_IRQHandler
                0x0800257c                SVC_Handler
                0x0800257c                DMA2_Channel5_IRQHandler
                0x0800257c                DMA1_Channel5_IRQHandler
                0x0800257c                EXTI4_IRQHandler
                0x0800257c                RNG_IRQHandler
                0x0800257c                TIM1_TRG_COM_TIM17_IRQHandler
                0x0800257c                DMA1_Channel3_IRQHandler
                0x0800257c                COMP_IRQHandler
                0x0800257c                WWDG_IRQHandler
                0x0800257c                LPUART1_IRQHandler
                0x0800257c                DMA2_Channel6_IRQHandler
                0x0800257c                TIM2_IRQHandler
                0x0800257c                EXTI1_IRQHandler
                0x0800257c                USART2_IRQHandler
                0x0800257c                DFSDM1_FLT0_IRQHandler
                0x0800257c                I2C2_ER_IRQHandler
                0x0800257c                DMA1_Channel2_IRQHandler
                0x0800257c                TIM8_BRK_IRQHandler
                0x0800257c                CAN1_SCE_IRQHandler
                0x0800257c                FLASH_IRQHandler
                0x0800257c                BusFault_Handler
                0x0800257c                USART1_IRQHandler
                0x0800257c                OTG_FS_IRQHandler
                0x0800257c                SPI3_IRQHandler
                0x0800257c                I2C1_ER_IRQHandler
                0x0800257c                FMC_IRQHandler
                0x0800257c                SWPMI1_IRQHandler
                0x0800257c                LPTIM1_IRQHandler
                0x0800257c                SAI1_IRQHandler
                0x0800257c                DMA2_Channel3_IRQHandler
                0x0800257c                TIM1_BRK_TIM15_IRQHandler
 *fill*         0x0800257e        0x2 
 .text.__libc_init_array
                0x08002580       0x4c c:/ac6/systemworkbench/plugins/fr.ac6.mcu.externaltools.arm-none.win32_1.13.1.201701261202/tools/compiler/bin/../lib/gcc/arm-none-eabi/5.4.1/../../../../arm-none-eabi/lib/armv7e-m/fpu\libc_nano.a(lib_a-init.o)
                0x08002580                __libc_init_array
 .text.malloc   0x080025cc       0x10 c:/ac6/systemworkbench/plugins/fr.ac6.mcu.externaltools.arm-none.win32_1.13.1.201701261202/tools/compiler/bin/../lib/gcc/arm-none-eabi/5.4.1/../../../../arm-none-eabi/lib/armv7e-m/fpu\libc_nano.a(lib_a-malloc.o)
                0x080025cc                malloc
 .text.memcmp   0x080025dc       0x1e c:/ac6/systemworkbench/plugins/fr.ac6.mcu.externaltools.arm-none.win32_1.13.1.201701261202/tools/compiler/bin/../lib/gcc/arm-none-eabi/5.4.1/../../../../arm-none-eabi/lib/armv7e-m/fpu\libc_nano.a(lib_a-memcmp.o)
                0x080025dc                memcmp
 .text.memcpy   0x080025fa       0x16 c:/ac6/systemworkbench/plugins/fr.ac6.mcu.externaltools.arm-none.win32_1.13.1.201701261202/tools/compiler/bin/../lib/gcc/arm-none-eabi/5.4.1/../../../../arm-none-eabi/lib/armv7e-m/fpu\libc_nano.a(lib_a-memcpy-stub.o)
                0x080025fa                memcpy
 .text._malloc_r
                0x08002610       0xbc c:/ac6/systemworkbench/plugins/fr.ac6.mcu.externaltools.arm-none.win32_1.13.1.201701261202/tools/compiler/bin/../lib/gcc/arm-none-eabi/5.4.1/../../../../arm-none-eabi/lib/armv7e-m/fpu\libc_nano.a(lib_a-nano-mallocr.o)
                0x08002610                _malloc_r
 .text._sbrk_r  0x080026cc       0x20 c:/ac6/systemworkbench/plugins/fr.ac6.mcu.externaltools.arm-none.win32_1.13.1.201701261202/tools/compiler/bin/../lib/gcc/arm-none-eabi/5.4.1/../../../../arm-none-eabi/lib/armv7e-m/fpu\libc_nano.a(lib_a-sbrkr.o)
                0x080026cc                _sbrk_r
 .text.__malloc_lock
                0x080026ec        0x2 c:/ac6/systemworkbench/plugins/fr.ac6.mcu.externaltools.arm-none.win32_1.13.1.201701261202/tools/compiler/bin/../lib/gcc/arm-none-eabi/5.4.1/../../../../arm-none-eabi/lib/armv7e-m/fpu\libc_nano.a(lib_a-mlock.o)
                0x080026ec                __malloc_lock
 .text.__malloc_unlock
                0x080026ee        0x2 c:/ac6/systemworkbench/plugins/fr.ac6.mcu.externaltools.arm-none.win32_1.13.1.201701261202/tools/compiler/bin/../lib/gcc/arm-none-eabi/5.4.1/../../../../arm-none-eabi/lib/armv7e-m/fpu\libc_nano.a(lib_a-mlock.o)
                0x080026ee                __malloc_unlock
 .text._sbrk    0x080026f0       0x1c c:/ac6/systemworkbench/plugins/fr.ac6.mcu.externaltools.arm-none.win32_1.13.1.201701261202/tools/compiler/bin/../lib/gcc/arm-none-eabi/5.4.1/../../../../arm-none-eabi/lib/armv7e-m/fpu\libnosys.a(sbrk.o)
                0x080026f0                _sbrk
 *(.glue_7)
 .glue_7        0x0800270c        0x0 linker stubs
 *(.glue_7t)
 .glue_7t       0x0800270c        0x0 linker stubs
 *(.eh_frame)
 .eh_frame      0x0800270c        0x0 c:/ac6/systemworkbench/plugins/fr.ac6.mcu.externaltools.arm-none.win32_1.13.1.201701261202/tools/compiler/bin/../lib/gcc/arm-none-eabi/5.4.1/armv7e-m/fpu/crtbegin.o
 *(.init)
 .init          0x0800270c        0x4 c:/ac6/systemworkbench/plugins/fr.ac6.mcu.externaltools.arm-none.win32_1.13.1.201701261202/tools/compiler/bin/../lib/gcc/arm-none-eabi/5.4.1/armv7e-m/fpu/crti.o
                0x0800270c                _init
 .init          0x08002710        0x8 c:/ac6/systemworkbench/plugins/fr.ac6.mcu.externaltools.arm-none.win32_1.13.1.201701261202/tools/compiler/bin/../lib/gcc/arm-none-eabi/5.4.1/armv7e-m/fpu/crtn.o
 *(.fini)
 .fini          0x08002718        0x4 c:/ac6/systemworkbench/plugins/fr.ac6.mcu.externaltools.arm-none.win32_1.13.1.201701261202/tools/compiler/bin/../lib/gcc/arm-none-eabi/5.4.1/armv7e-m/fpu/crti.o
                0x08002718                _fini
 .fini          0x0800271c        0x8 c:/ac6/systemworkbench/plugins/fr.ac6.mcu.externaltools.arm-none.win32_1.13.1.201701261202/tools/compiler/bin/../lib/gcc/arm-none-eabi/5.4.1/armv7e-m/fpu/crtn.o
                0x08002728                . = ALIGN (0x8)
 *fill*         0x08002724        0x4 
                0x08002728                _etext = .

.vfp11_veneer   0x08002728        0x0
 .vfp11_veneer  0x08002728        0x0 linker stubs

.v4_bx          0x08002728        0x0
 .v4_bx         0x08002728        0x0 linker stubs

.iplt           0x08002728        0x0
 .iplt          0x08002728        0x0 c:/ac6/systemworkbench/plugins/fr.ac6.mcu.externaltools.arm-none.win32_1.13.1.201701261202/tools/compiler/bin/../lib/gcc/arm-none-eabi/5.4.1/armv7e-m/fpu/crtbegin.o

.rodata         0x08002728      0x138
                0x08002728                . = ALIGN (0x8)
 *(.rodata)
 .rodata        0x08002728        0x8 Drivers/SPIFlashDriver/spi_flash.o
 .rodata        0x08002730       0x80 Drivers/SPIFlashDriver/winbond.o
 .rodata        0x080027b0       0x48 Src/system_stm32l4xx.o
                0x080027b0                MSIRangeTable
                0x080027e0                AHBPrescTable
                0x080027f0                APBPrescTable
 *(.rodata*)
 .rodata.str1.4
                0x080027f8       0x44 Drivers/SPIFlashDriver/winbond.o
 .rodata.str1.4
                0x0800283c        0xe Src/main.o
 *fill*         0x0800284a        0x2 
 .rodata.str1.4
                0x0800284c       0x10 Src/spi.o
                                  0xd (size before relaxing)
                0x08002860                . = ALIGN (0x8)
 *fill*         0x0800285c        0x4 

.rel.dyn        0x08002860        0x0
 .rel.iplt      0x08002860        0x0 c:/ac6/systemworkbench/plugins/fr.ac6.mcu.externaltools.arm-none.win32_1.13.1.201701261202/tools/compiler/bin/../lib/gcc/arm-none-eabi/5.4.1/armv7e-m/fpu/crtbegin.o

.ARM.extab      0x08002860        0x0
                0x08002860                . = ALIGN (0x8)
 *(.ARM.extab* .gnu.linkonce.armextab.*)
                0x08002860                . = ALIGN (0x8)

.ARM            0x08002860        0x0
                0x08002860                . = ALIGN (0x8)
                0x08002860                __exidx_start = .
 *(.ARM.exidx*)
                0x08002860                __exidx_end = .
                0x08002860                . = ALIGN (0x8)

.preinit_array  0x08002860        0x0
                0x08002860                . = ALIGN (0x8)
                0x08002860                PROVIDE (__preinit_array_start, .)
 *(.preinit_array*)
                0x08002860                PROVIDE (__preinit_array_end, .)
                0x08002860                . = ALIGN (0x8)

.init_array     0x08002860        0x8
                0x08002860                . = ALIGN (0x8)
                0x08002860                PROVIDE (__init_array_start, .)
 *(SORT(.init_array.*))
 *(.init_array*)
 .init_array    0x08002860        0x4 c:/ac6/systemworkbench/plugins/fr.ac6.mcu.externaltools.arm-none.win32_1.13.1.201701261202/tools/compiler/bin/../lib/gcc/arm-none-eabi/5.4.1/armv7e-m/fpu/crtbegin.o
                0x08002864                PROVIDE (__init_array_end, .)
                0x08002868                . = ALIGN (0x8)
 *fill*         0x08002864        0x4 

.fini_array     0x08002868        0x8
                0x08002868                . = ALIGN (0x8)
                [!provide]                PROVIDE (__fini_array_start, .)
 *(SORT(.fini_array.*))
 *(.fini_array*)
 .fini_array    0x08002868        0x4 c:/ac6/systemworkbench/plugins/fr.ac6.mcu.externaltools.arm-none.win32_1.13.1.201701261202/tools/compiler/bin/../lib/gcc/arm-none-eabi/5.4.1/armv7e-m/fpu/crtbegin.o
                [!provide]                PROVIDE (__fini_array_end, .)
                0x08002870                . = ALIGN (0x8)
 *fill*         0x0800286c        0x4 
                0x08002870                _sidata = LOADADDR (.data)

.data           0x20000000       0x70 load address 0x08002870
                0x20000000                . = ALIGN (0x8)
                0x20000000                _sdata = .
 *(.data)
 .data          0x20000000        0x1 Src/main.o
 *fill*         0x20000001        0x3 
 .data          0x20000004        0x4 Src/system_stm32l4xx.o
                0x20000004                SystemCoreClock
 *(.data*)
 .data.impure_data
                0x20000008       0x60 c:/ac6/systemworkbench/plugins/fr.ac6.mcu.externaltools.arm-none.win32_1.13.1.201701261202/tools/compiler/bin/../lib/gcc/arm-none-eabi/5.4.1/../../../../arm-none-eabi/lib/armv7e-m/fpu\libc_nano.a(lib_a-impure.o)
 .data._impure_ptr
                0x20000068        0x4 c:/ac6/systemworkbench/plugins/fr.ac6.mcu.externaltools.arm-none.win32_1.13.1.201701261202/tools/compiler/bin/../lib/gcc/arm-none-eabi/5.4.1/../../../../arm-none-eabi/lib/armv7e-m/fpu\libc_nano.a(lib_a-impure.o)
                0x20000068                _impure_ptr
                0x20000070                . = ALIGN (0x8)
 *fill*         0x2000006c        0x4 
                0x20000070                _edata = .

.jcr            0x20000070        0x0 load address 0x080028e0
 .jcr           0x20000070        0x0 c:/ac6/systemworkbench/plugins/fr.ac6.mcu.externaltools.arm-none.win32_1.13.1.201701261202/tools/compiler/bin/../lib/gcc/arm-none-eabi/5.4.1/armv7e-m/fpu/crtbegin.o

.igot.plt       0x20000070        0x0 load address 0x080028e0
 .igot.plt      0x20000070        0x0 c:/ac6/systemworkbench/plugins/fr.ac6.mcu.externaltools.arm-none.win32_1.13.1.201701261202/tools/compiler/bin/../lib/gcc/arm-none-eabi/5.4.1/armv7e-m/fpu/crtbegin.o
                0x20000070                . = ALIGN (0x4)

.bss            0x20000070     0x20c0 load address 0x080028e0
                0x20000070                _sbss = .
                0x20000070                __bss_start__ = _sbss
 *(.bss)
 .bss           0x20000070       0x1c c:/ac6/systemworkbench/plugins/fr.ac6.mcu.externaltools.arm-none.win32_1.13.1.201701261202/tools/compiler/bin/../lib/gcc/arm-none-eabi/5.4.1/armv7e-m/fpu/crtbegin.o
 .bss           0x2000008c        0x5 Src/main.o
                0x2000008c                memAddr
                0x20000090                usbRecv
 *(.bss*)
 *fill*         0x20000091        0x3 
 .bss.__malloc_sbrk_start
                0x20000094        0x4 c:/ac6/systemworkbench/plugins/fr.ac6.mcu.externaltools.arm-none.win32_1.13.1.201701261202/tools/compiler/bin/../lib/gcc/arm-none-eabi/5.4.1/../../../../arm-none-eabi/lib/armv7e-m/fpu\libc_nano.a(lib_a-nano-mallocr.o)
                0x20000094                __malloc_sbrk_start
 .bss.__malloc_free_list
                0x20000098        0x4 c:/ac6/systemworkbench/plugins/fr.ac6.mcu.externaltools.arm-none.win32_1.13.1.201701261202/tools/compiler/bin/../lib/gcc/arm-none-eabi/5.4.1/../../../../arm-none-eabi/lib/armv7e-m/fpu\libc_nano.a(lib_a-nano-mallocr.o)
                0x20000098                __malloc_free_list
 .bss.heap_end.4169
                0x2000009c        0x4 c:/ac6/systemworkbench/plugins/fr.ac6.mcu.externaltools.arm-none.win32_1.13.1.201701261202/tools/compiler/bin/../lib/gcc/arm-none-eabi/5.4.1/../../../../arm-none-eabi/lib/armv7e-m/fpu\libnosys.a(sbrk.o)
 *(COMMON)
 COMMON         0x200000a0        0x4 Drivers/STM32L4xx_HAL_Driver/Src/stm32l4xx_hal.o
                0x200000a0                uwTick
 COMMON         0x200000a4     0x2024 Src/main.o
                0x200000a4                fileSize
                0x200000a8                packetNo
                0x200000ac                buff
                0x200010ac                JumpAddress
                0x200010b0                Jump_To_Application
                0x200010b4                spiflashmem
                0x200010b8                flashBuff
                0x200020b8                fileCrc
                0x200020bc                firmwareFileOffSet
                0x200020c0                firmwareFileSize
                0x200020c4                flashCheckSum
 COMMON         0x200020c8       0x64 Src/spi.o
                0x200020c8                hspi2
 COMMON         0x2000212c        0x4 c:/ac6/systemworkbench/plugins/fr.ac6.mcu.externaltools.arm-none.win32_1.13.1.201701261202/tools/compiler/bin/../lib/gcc/arm-none-eabi/5.4.1/../../../../arm-none-eabi/lib/armv7e-m/fpu\libc_nano.a(lib_a-reent.o)
                0x2000212c                errno
                0x20002130                . = ALIGN (0x4)
                0x20002130                _ebss = .
                0x20002130                __bss_end__ = _ebss

._user_heap_stack
                0x20002130      0x600 load address 0x080028e0
                0x20002130                . = ALIGN (0x8)
                0x20002130                PROVIDE (end, .)
                [!provide]                PROVIDE (_end, .)
                0x20002330                . = (. + _Min_Heap_Size)
 *fill*         0x20002130      0x200 
                0x20002730                . = (. + _Min_Stack_Size)
 *fill*         0x20002330      0x400 
                0x20002730                . = ALIGN (0x8)

/DISCARD/
 libc.a(*)
 libm.a(*)
 libgcc.a(*)

.ARM.attributes
                0x00000000       0x30
 *(.ARM.attributes)
 .ARM.attributes
                0x00000000       0x22 c:/ac6/systemworkbench/plugins/fr.ac6.mcu.externaltools.arm-none.win32_1.13.1.201701261202/tools/compiler/bin/../lib/gcc/arm-none-eabi/5.4.1/armv7e-m/fpu/crti.o
 .ARM.attributes
                0x00000022       0x34 c:/ac6/systemworkbench/plugins/fr.ac6.mcu.externaltools.arm-none.win32_1.13.1.201701261202/tools/compiler/bin/../lib/gcc/arm-none-eabi/5.4.1/armv7e-m/fpu/crtbegin.o
 .ARM.attributes
                0x00000056       0x39 Drivers/SPIFlashDriver/spi_flash.o
 .ARM.attributes
                0x0000008f       0x39 Drivers/SPIFlashDriver/winbond.o
 .ARM.attributes
                0x000000c8       0x39 Drivers/STM32L4xx_HAL_Driver/Src/stm32l4xx_hal.o
 .ARM.attributes
                0x00000101       0x39 Drivers/STM32L4xx_HAL_Driver/Src/stm32l4xx_hal_cortex.o
 .ARM.attributes
                0x0000013a       0x39 Drivers/STM32L4xx_HAL_Driver/Src/stm32l4xx_hal_flash.o
 .ARM.attributes
                0x00000173       0x39 Drivers/STM32L4xx_HAL_Driver/Src/stm32l4xx_hal_flash_ex.o
 .ARM.attributes
                0x000001ac       0x39 Drivers/STM32L4xx_HAL_Driver/Src/stm32l4xx_hal_gpio.o
 .ARM.attributes
                0x000001e5       0x39 Drivers/STM32L4xx_HAL_Driver/Src/stm32l4xx_hal_pwr_ex.o
 .ARM.attributes
                0x0000021e       0x39 Drivers/STM32L4xx_HAL_Driver/Src/stm32l4xx_hal_rcc.o
 .ARM.attributes
                0x00000257       0x39 Drivers/STM32L4xx_HAL_Driver/Src/stm32l4xx_hal_spi.o
 .ARM.attributes
                0x00000290       0x39 Src/gpio.o
 .ARM.attributes
                0x000002c9       0x39 Src/main.o
 .ARM.attributes
                0x00000302       0x39 Src/spi.o
 .ARM.attributes
                0x0000033b       0x39 Src/stm32l4xx_hal_msp.o
 .ARM.attributes
                0x00000374       0x39 Src/stm32l4xx_it.o
 .ARM.attributes
                0x000003ad       0x39 Src/system_stm32l4xx.o
 .ARM.attributes
                0x000003e6       0x21 startup/startup_stm32l476xx.o
 .ARM.attributes
                0x00000407       0x34 c:/ac6/systemworkbench/plugins/fr.ac6.mcu.externaltools.arm-none.win32_1.13.1.201701261202/tools/compiler/bin/../lib/gcc/arm-none-eabi/5.4.1/../../../../arm-none-eabi/lib/armv7e-m/fpu\libc_nano.a(lib_a-impure.o)
 .ARM.attributes
                0x0000043b       0x34 c:/ac6/systemworkbench/plugins/fr.ac6.mcu.externaltools.arm-none.win32_1.13.1.201701261202/tools/compiler/bin/../lib/gcc/arm-none-eabi/5.4.1/../../../../arm-none-eabi/lib/armv7e-m/fpu\libc_nano.a(lib_a-init.o)
 .ARM.attributes
                0x0000046f       0x34 c:/ac6/systemworkbench/plugins/fr.ac6.mcu.externaltools.arm-none.win32_1.13.1.201701261202/tools/compiler/bin/../lib/gcc/arm-none-eabi/5.4.1/../../../../arm-none-eabi/lib/armv7e-m/fpu\libc_nano.a(lib_a-malloc.o)
 .ARM.attributes
                0x000004a3       0x34 c:/ac6/systemworkbench/plugins/fr.ac6.mcu.externaltools.arm-none.win32_1.13.1.201701261202/tools/compiler/bin/../lib/gcc/arm-none-eabi/5.4.1/../../../../arm-none-eabi/lib/armv7e-m/fpu\libc_nano.a(lib_a-memcmp.o)
 .ARM.attributes
                0x000004d7       0x34 c:/ac6/systemworkbench/plugins/fr.ac6.mcu.externaltools.arm-none.win32_1.13.1.201701261202/tools/compiler/bin/../lib/gcc/arm-none-eabi/5.4.1/../../../../arm-none-eabi/lib/armv7e-m/fpu\libc_nano.a(lib_a-memcpy-stub.o)
 .ARM.attributes
                0x0000050b       0x34 c:/ac6/systemworkbench/plugins/fr.ac6.mcu.externaltools.arm-none.win32_1.13.1.201701261202/tools/compiler/bin/../lib/gcc/arm-none-eabi/5.4.1/../../../../arm-none-eabi/lib/armv7e-m/fpu\libc_nano.a(lib_a-nano-mallocr.o)
 .ARM.attributes
                0x0000053f       0x34 c:/ac6/systemworkbench/plugins/fr.ac6.mcu.externaltools.arm-none.win32_1.13.1.201701261202/tools/compiler/bin/../lib/gcc/arm-none-eabi/5.4.1/../../../../arm-none-eabi/lib/armv7e-m/fpu\libc_nano.a(lib_a-sbrkr.o)
 .ARM.attributes
                0x00000573       0x34 c:/ac6/systemworkbench/plugins/fr.ac6.mcu.externaltools.arm-none.win32_1.13.1.201701261202/tools/compiler/bin/../lib/gcc/arm-none-eabi/5.4.1/../../../../arm-none-eabi/lib/armv7e-m/fpu\libc_nano.a(lib_a-mlock.o)
 .ARM.attributes
                0x000005a7       0x34 c:/ac6/systemworkbench/plugins/fr.ac6.mcu.externaltools.arm-none.win32_1.13.1.201701261202/tools/compiler/bin/../lib/gcc/arm-none-eabi/5.4.1/../../../../arm-none-eabi/lib/armv7e-m/fpu\libc_nano.a(lib_a-reent.o)
 .ARM.attributes
                0x000005db       0x34 c:/ac6/systemworkbench/plugins/fr.ac6.mcu.externaltools.arm-none.win32_1.13.1.201701261202/tools/compiler/bin/../lib/gcc/arm-none-eabi/5.4.1/../../../../arm-none-eabi/lib/armv7e-m/fpu\libnosys.a(sbrk.o)
 .ARM.attributes
                0x0000060f       0x22 c:/ac6/systemworkbench/plugins/fr.ac6.mcu.externaltools.arm-none.win32_1.13.1.201701261202/tools/compiler/bin/../lib/gcc/arm-none-eabi/5.4.1/armv7e-m/fpu/crtn.o
OUTPUT(BootloaderL476RG.elf elf32-littlearm)

.debug_info     0x00000000     0xb496
 .debug_info    0x00000000     0x1185 Drivers/SPIFlashDriver/spi_flash.o
 .debug_info    0x00001185      0x511 Drivers/SPIFlashDriver/winbond.o
 .debug_info    0x00001696      0xba2 Drivers/STM32L4xx_HAL_Driver/Src/stm32l4xx_hal.o
 .debug_info    0x00002238      0xe97 Drivers/STM32L4xx_HAL_Driver/Src/stm32l4xx_hal_cortex.o
 .debug_info    0x000030cf      0x77b Drivers/STM32L4xx_HAL_Driver/Src/stm32l4xx_hal_flash.o
 .debug_info    0x0000384a      0xa6b Drivers/STM32L4xx_HAL_Driver/Src/stm32l4xx_hal_flash_ex.o
 .debug_info    0x000042b5      0x7e8 Drivers/STM32L4xx_HAL_Driver/Src/stm32l4xx_hal_gpio.o
 .debug_info    0x00004a9d      0xa43 Drivers/STM32L4xx_HAL_Driver/Src/stm32l4xx_hal_pwr_ex.o
 .debug_info    0x000054e0      0xd8c Drivers/STM32L4xx_HAL_Driver/Src/stm32l4xx_hal_rcc.o
 .debug_info    0x0000626c     0x1d97 Drivers/STM32L4xx_HAL_Driver/Src/stm32l4xx_hal_spi.o
 .debug_info    0x00008003      0x56e Src/gpio.o
 .debug_info    0x00008571     0x1792 Src/main.o
 .debug_info    0x00009d03      0xa31 Src/spi.o
 .debug_info    0x0000a734      0x63a Src/stm32l4xx_hal_msp.o
 .debug_info    0x0000ad6e       0xec Src/stm32l4xx_it.o
 .debug_info    0x0000ae5a      0x5b2 Src/system_stm32l4xx.o
 .debug_info    0x0000b40c       0x8a startup/startup_stm32l476xx.o

.debug_abbrev   0x00000000     0x209a
 .debug_abbrev  0x00000000      0x318 Drivers/SPIFlashDriver/spi_flash.o
 .debug_abbrev  0x00000318      0x1a6 Drivers/SPIFlashDriver/winbond.o
 .debug_abbrev  0x000004be      0x1f8 Drivers/STM32L4xx_HAL_Driver/Src/stm32l4xx_hal.o
 .debug_abbrev  0x000006b6      0x2e2 Drivers/STM32L4xx_HAL_Driver/Src/stm32l4xx_hal_cortex.o
 .debug_abbrev  0x00000998      0x256 Drivers/STM32L4xx_HAL_Driver/Src/stm32l4xx_hal_flash.o
 .debug_abbrev  0x00000bee      0x296 Drivers/STM32L4xx_HAL_Driver/Src/stm32l4xx_hal_flash_ex.o
 .debug_abbrev  0x00000e84      0x1cd Drivers/STM32L4xx_HAL_Driver/Src/stm32l4xx_hal_gpio.o
 .debug_abbrev  0x00001051      0x235 Drivers/STM32L4xx_HAL_Driver/Src/stm32l4xx_hal_pwr_ex.o
 .debug_abbrev  0x00001286      0x248 Drivers/STM32L4xx_HAL_Driver/Src/stm32l4xx_hal_rcc.o
 .debug_abbrev  0x000014ce      0x22c Drivers/STM32L4xx_HAL_Driver/Src/stm32l4xx_hal_spi.o
 .debug_abbrev  0x000016fa      0x148 Src/gpio.o
 .debug_abbrev  0x00001842      0x3dd Src/main.o
 .debug_abbrev  0x00001c1f      0x1a8 Src/spi.o
 .debug_abbrev  0x00001dc7      0x114 Src/stm32l4xx_hal_msp.o
 .debug_abbrev  0x00001edb       0x88 Src/stm32l4xx_it.o
 .debug_abbrev  0x00001f63      0x125 Src/system_stm32l4xx.o
 .debug_abbrev  0x00002088       0x12 startup/startup_stm32l476xx.o

.debug_loc      0x00000000     0x4c7d
 .debug_loc     0x00000000      0x7ef Drivers/SPIFlashDriver/spi_flash.o
 .debug_loc     0x000007ef      0x2b8 Drivers/SPIFlashDriver/winbond.o
 .debug_loc     0x00000aa7      0x103 Drivers/STM32L4xx_HAL_Driver/Src/stm32l4xx_hal.o
 .debug_loc     0x00000baa      0x527 Drivers/STM32L4xx_HAL_Driver/Src/stm32l4xx_hal_cortex.o
 .debug_loc     0x000010d1      0x3b4 Drivers/STM32L4xx_HAL_Driver/Src/stm32l4xx_hal_flash.o
 .debug_loc     0x00001485      0x7ae Drivers/STM32L4xx_HAL_Driver/Src/stm32l4xx_hal_flash_ex.o
 .debug_loc     0x00001c33      0x30a Drivers/STM32L4xx_HAL_Driver/Src/stm32l4xx_hal_gpio.o
 .debug_loc     0x00001f3d      0x8f5 Drivers/STM32L4xx_HAL_Driver/Src/stm32l4xx_hal_pwr_ex.o
 .debug_loc     0x00002832      0x65a Drivers/STM32L4xx_HAL_Driver/Src/stm32l4xx_hal_rcc.o
 .debug_loc     0x00002e8c     0x194a Drivers/STM32L4xx_HAL_Driver/Src/stm32l4xx_hal_spi.o
 .debug_loc     0x000047d6      0x2e9 Src/main.o
 .debug_loc     0x00004abf       0x4d Src/spi.o
 .debug_loc     0x00004b0c      0x171 Src/system_stm32l4xx.o

.debug_aranges  0x00000000      0x8b0
 .debug_aranges
                0x00000000       0x80 Drivers/SPIFlashDriver/spi_flash.o
 .debug_aranges
                0x00000080       0x30 Drivers/SPIFlashDriver/winbond.o
 .debug_aranges
                0x000000b0      0x118 Drivers/STM32L4xx_HAL_Driver/Src/stm32l4xx_hal.o
 .debug_aranges
                0x000001c8       0x98 Drivers/STM32L4xx_HAL_Driver/Src/stm32l4xx_hal_cortex.o
 .debug_aranges
                0x00000260       0x90 Drivers/STM32L4xx_HAL_Driver/Src/stm32l4xx_hal_flash.o
 .debug_aranges
                0x000002f0       0x90 Drivers/STM32L4xx_HAL_Driver/Src/stm32l4xx_hal_flash_ex.o
 .debug_aranges
                0x00000380       0x58 Drivers/STM32L4xx_HAL_Driver/Src/stm32l4xx_hal_gpio.o
 .debug_aranges
                0x000003d8      0x148 Drivers/STM32L4xx_HAL_Driver/Src/stm32l4xx_hal_pwr_ex.o
 .debug_aranges
                0x00000520       0x88 Drivers/STM32L4xx_HAL_Driver/Src/stm32l4xx_hal_rcc.o
 .debug_aranges
                0x000005a8      0x1d8 Drivers/STM32L4xx_HAL_Driver/Src/stm32l4xx_hal_spi.o
 .debug_aranges
                0x00000780       0x20 Src/gpio.o
 .debug_aranges
                0x000007a0       0x50 Src/main.o
 .debug_aranges
                0x000007f0       0x30 Src/spi.o
 .debug_aranges
                0x00000820       0x20 Src/stm32l4xx_hal_msp.o
 .debug_aranges
                0x00000840       0x20 Src/stm32l4xx_it.o
 .debug_aranges
                0x00000860       0x28 Src/system_stm32l4xx.o
 .debug_aranges
                0x00000888       0x28 startup/startup_stm32l476xx.o

.debug_ranges   0x00000000      0x7c0
 .debug_ranges  0x00000000       0x70 Drivers/SPIFlashDriver/spi_flash.o
 .debug_ranges  0x00000070       0x20 Drivers/SPIFlashDriver/winbond.o
 .debug_ranges  0x00000090      0x108 Drivers/STM32L4xx_HAL_Driver/Src/stm32l4xx_hal.o
 .debug_ranges  0x00000198       0x88 Drivers/STM32L4xx_HAL_Driver/Src/stm32l4xx_hal_cortex.o
 .debug_ranges  0x00000220       0x80 Drivers/STM32L4xx_HAL_Driver/Src/stm32l4xx_hal_flash.o
 .debug_ranges  0x000002a0       0x80 Drivers/STM32L4xx_HAL_Driver/Src/stm32l4xx_hal_flash_ex.o
 .debug_ranges  0x00000320       0x48 Drivers/STM32L4xx_HAL_Driver/Src/stm32l4xx_hal_gpio.o
 .debug_ranges  0x00000368      0x138 Drivers/STM32L4xx_HAL_Driver/Src/stm32l4xx_hal_pwr_ex.o
 .debug_ranges  0x000004a0       0x90 Drivers/STM32L4xx_HAL_Driver/Src/stm32l4xx_hal_rcc.o
 .debug_ranges  0x00000530      0x1c8 Drivers/STM32L4xx_HAL_Driver/Src/stm32l4xx_hal_spi.o
 .debug_ranges  0x000006f8       0x10 Src/gpio.o
 .debug_ranges  0x00000708       0x40 Src/main.o
 .debug_ranges  0x00000748       0x20 Src/spi.o
 .debug_ranges  0x00000768       0x10 Src/stm32l4xx_hal_msp.o
 .debug_ranges  0x00000778       0x10 Src/stm32l4xx_it.o
 .debug_ranges  0x00000788       0x18 Src/system_stm32l4xx.o
 .debug_ranges  0x000007a0       0x20 startup/startup_stm32l476xx.o

.debug_macro    0x00000000    0x26b80
 .debug_macro   0x00000000      0x36e Drivers/SPIFlashDriver/spi_flash.o
 .debug_macro   0x0000036e      0x898 Drivers/SPIFlashDriver/spi_flash.o
 .debug_macro   0x00000c06       0x22 Drivers/SPIFlashDriver/spi_flash.o
 .debug_macro   0x00000c28       0x4c Drivers/SPIFlashDriver/spi_flash.o
 .debug_macro   0x00000c74       0x8d Drivers/SPIFlashDriver/spi_flash.o
 .debug_macro   0x00000d01       0x35 Drivers/SPIFlashDriver/spi_flash.o
 .debug_macro   0x00000d36       0x9c Drivers/SPIFlashDriver/spi_flash.o
 .debug_macro   0x00000dd2       0x16 Drivers/SPIFlashDriver/spi_flash.o
 .debug_macro   0x00000de8      0x10e Drivers/SPIFlashDriver/spi_flash.o
 .debug_macro   0x00000ef6       0x8d Drivers/SPIFlashDriver/spi_flash.o
 .debug_macro   0x00000f83       0x4a Drivers/SPIFlashDriver/spi_flash.o
 .debug_macro   0x00000fcd       0x52 Drivers/SPIFlashDriver/spi_flash.o
 .debug_macro   0x0000101f       0x1f Drivers/SPIFlashDriver/spi_flash.o
 .debug_macro   0x0000103e       0x43 Drivers/SPIFlashDriver/spi_flash.o
 .debug_macro   0x00001081       0x20 Drivers/SPIFlashDriver/spi_flash.o
 .debug_macro   0x000010a1      0x187 Drivers/SPIFlashDriver/spi_flash.o
 .debug_macro   0x00001228      0x30d Drivers/SPIFlashDriver/spi_flash.o
 .debug_macro   0x00001535       0x16 Drivers/SPIFlashDriver/spi_flash.o
 .debug_macro   0x0000154b       0x29 Drivers/SPIFlashDriver/spi_flash.o
 .debug_macro   0x00001574       0x16 Drivers/SPIFlashDriver/spi_flash.o
 .debug_macro   0x0000158a       0x35 Drivers/SPIFlashDriver/spi_flash.o
 .debug_macro   0x000015bf       0x16 Drivers/SPIFlashDriver/spi_flash.o
 .debug_macro   0x000015d5       0xfd Drivers/SPIFlashDriver/spi_flash.o
 .debug_macro   0x000016d2       0x5e Drivers/SPIFlashDriver/spi_flash.o
 .debug_macro   0x00001730      0x1df Drivers/SPIFlashDriver/spi_flash.o
 .debug_macro   0x0000190f       0x70 Drivers/SPIFlashDriver/spi_flash.o
 .debug_macro   0x0000197f       0x88 Drivers/SPIFlashDriver/spi_flash.o
 .debug_macro   0x00001a07       0xad Drivers/SPIFlashDriver/spi_flash.o
 .debug_macro   0x00001ab4       0x2e Drivers/SPIFlashDriver/spi_flash.o
 .debug_macro   0x00001ae2       0x28 Drivers/SPIFlashDriver/spi_flash.o
 .debug_macro   0x00001b0a       0x3b Drivers/SPIFlashDriver/spi_flash.o
 .debug_macro   0x00001b45       0x50 Drivers/SPIFlashDriver/spi_flash.o
 .debug_macro   0x00001b95      0xe66 Drivers/SPIFlashDriver/spi_flash.o
 .debug_macro   0x000029fb    0x1a193 Drivers/SPIFlashDriver/spi_flash.o
 .debug_macro   0x0001cb8e       0x43 Drivers/SPIFlashDriver/spi_flash.o
 .debug_macro   0x0001cbd1     0x36a1 Drivers/SPIFlashDriver/spi_flash.o
 .debug_macro   0x00020272       0x1c Drivers/SPIFlashDriver/spi_flash.o
 .debug_macro   0x0002028e       0x10 Drivers/SPIFlashDriver/spi_flash.o
 .debug_macro   0x0002029e       0x10 Drivers/SPIFlashDriver/spi_flash.o
 .debug_macro   0x000202ae       0x1c Drivers/SPIFlashDriver/spi_flash.o
 .debug_macro   0x000202ca       0x52 Drivers/SPIFlashDriver/spi_flash.o
 .debug_macro   0x0002031c       0x40 Drivers/SPIFlashDriver/spi_flash.o
 .debug_macro   0x0002035c       0x10 Drivers/SPIFlashDriver/spi_flash.o
 .debug_macro   0x0002036c       0x40 Drivers/SPIFlashDriver/spi_flash.o
 .debug_macro   0x000203ac       0xd7 Drivers/SPIFlashDriver/spi_flash.o
 .debug_macro   0x00020483       0x16 Drivers/SPIFlashDriver/spi_flash.o
 .debug_macro   0x00020499      0x18b Drivers/SPIFlashDriver/spi_flash.o
 .debug_macro   0x00020624       0x50 Drivers/SPIFlashDriver/spi_flash.o
 .debug_macro   0x00020674     0x1566 Drivers/SPIFlashDriver/spi_flash.o
 .debug_macro   0x00021bda      0x59e Drivers/SPIFlashDriver/spi_flash.o
 .debug_macro   0x00022178      0x148 Drivers/SPIFlashDriver/spi_flash.o
 .debug_macro   0x000222c0      0x18b Drivers/SPIFlashDriver/spi_flash.o
 .debug_macro   0x0002244b      0x25d Drivers/SPIFlashDriver/spi_flash.o
 .debug_macro   0x000226a8      0x23a Drivers/SPIFlashDriver/spi_flash.o
 .debug_macro   0x000228e2      0x367 Drivers/SPIFlashDriver/spi_flash.o
 .debug_macro   0x00022c49       0x10 Drivers/SPIFlashDriver/spi_flash.o
 .debug_macro   0x00022c59       0xe4 Drivers/SPIFlashDriver/spi_flash.o
 .debug_macro   0x00022d3d      0x202 Drivers/SPIFlashDriver/spi_flash.o
 .debug_macro   0x00022f3f       0x61 Drivers/SPIFlashDriver/spi_flash.o
 .debug_macro   0x00022fa0       0x90 Drivers/SPIFlashDriver/spi_flash.o
 .debug_macro   0x00023030      0x126 Drivers/SPIFlashDriver/spi_flash.o
 .debug_macro   0x00023156      0x3dc Drivers/SPIFlashDriver/spi_flash.o
 .debug_macro   0x00023532      0x2e9 Drivers/SPIFlashDriver/spi_flash.o
 .debug_macro   0x0002381b      0x320 Drivers/SPIFlashDriver/spi_flash.o
 .debug_macro   0x00023b3b      0x185 Drivers/SPIFlashDriver/winbond.o
 .debug_macro   0x00023cc0      0x34e Drivers/STM32L4xx_HAL_Driver/Src/stm32l4xx_hal.o
 .debug_macro   0x0002400e       0x87 Drivers/STM32L4xx_HAL_Driver/Src/stm32l4xx_hal.o
 .debug_macro   0x00024095       0x44 Drivers/STM32L4xx_HAL_Driver/Src/stm32l4xx_hal.o
 .debug_macro   0x000240d9       0x35 Drivers/STM32L4xx_HAL_Driver/Src/stm32l4xx_hal.o
 .debug_macro   0x0002410e       0x52 Drivers/STM32L4xx_HAL_Driver/Src/stm32l4xx_hal.o
 .debug_macro   0x00024160       0x16 Drivers/STM32L4xx_HAL_Driver/Src/stm32l4xx_hal.o
 .debug_macro   0x00024176       0x97 Drivers/STM32L4xx_HAL_Driver/Src/stm32l4xx_hal.o
 .debug_macro   0x0002420d       0xfd Drivers/STM32L4xx_HAL_Driver/Src/stm32l4xx_hal.o
 .debug_macro   0x0002430a      0x300 Drivers/STM32L4xx_HAL_Driver/Src/stm32l4xx_hal_cortex.o
 .debug_macro   0x0002460a      0x306 Drivers/STM32L4xx_HAL_Driver/Src/stm32l4xx_hal_flash.o
 .debug_macro   0x00024910      0x300 Drivers/STM32L4xx_HAL_Driver/Src/stm32l4xx_hal_flash_ex.o
 .debug_macro   0x00024c10      0x33f Drivers/STM32L4xx_HAL_Driver/Src/stm32l4xx_hal_gpio.o
 .debug_macro   0x00024f4f      0x324 Drivers/STM32L4xx_HAL_Driver/Src/stm32l4xx_hal_pwr_ex.o
 .debug_macro   0x00025273      0x342 Drivers/STM32L4xx_HAL_Driver/Src/stm32l4xx_hal_rcc.o
 .debug_macro   0x000255b5      0x308 Drivers/STM32L4xx_HAL_Driver/Src/stm32l4xx_hal_spi.o
 .debug_macro   0x000258bd      0x30a Src/gpio.o
 .debug_macro   0x00025bc7      0x394 Src/main.o
 .debug_macro   0x00025f5b      0x314 Src/spi.o
 .debug_macro   0x0002626f      0x300 Src/stm32l4xx_hal_msp.o
 .debug_macro   0x0002656f      0x30a Src/stm32l4xx_it.o
 .debug_macro   0x00026879      0x307 Src/system_stm32l4xx.o

.debug_line     0x00000000     0x9e92
 .debug_line    0x00000000      0x9cc Drivers/SPIFlashDriver/spi_flash.o
 .debug_line    0x000009cc      0x444 Drivers/SPIFlashDriver/winbond.o
 .debug_line    0x00000e10      0xa54 Drivers/STM32L4xx_HAL_Driver/Src/stm32l4xx_hal.o
 .debug_line    0x00001864      0x9db Drivers/STM32L4xx_HAL_Driver/Src/stm32l4xx_hal_cortex.o
 .debug_line    0x0000223f      0xaa0 Drivers/STM32L4xx_HAL_Driver/Src/stm32l4xx_hal_flash.o
 .debug_line    0x00002cdf      0xabc Drivers/STM32L4xx_HAL_Driver/Src/stm32l4xx_hal_flash_ex.o
 .debug_line    0x0000379b      0x973 Drivers/STM32L4xx_HAL_Driver/Src/stm32l4xx_hal_gpio.o
 .debug_line    0x0000410e      0xc50 Drivers/STM32L4xx_HAL_Driver/Src/stm32l4xx_hal_pwr_ex.o
 .debug_line    0x00004d5e      0xb42 Drivers/STM32L4xx_HAL_Driver/Src/stm32l4xx_hal_rcc.o
 .debug_line    0x000058a0     0x1272 Drivers/STM32L4xx_HAL_Driver/Src/stm32l4xx_hal_spi.o
 .debug_line    0x00006b12      0x81c Src/gpio.o
 .debug_line    0x0000732e      0xa3e Src/main.o
 .debug_line    0x00007d6c      0x84f Src/spi.o
 .debug_line    0x000085bb      0x80f Src/stm32l4xx_hal_msp.o
 .debug_line    0x00008dca      0x813 Src/stm32l4xx_it.o
 .debug_line    0x000095dd      0x836 Src/system_stm32l4xx.o
 .debug_line    0x00009e13       0x7f startup/startup_stm32l476xx.o

.debug_str      0x00000000    0xe000d
 .debug_str     0x00000000    0xdd240 Drivers/SPIFlashDriver/spi_flash.o
                              0xdd5c4 (size before relaxing)
 .debug_str     0x000dd240      0x1ad Drivers/SPIFlashDriver/winbond.o
                               0x65ef (size before relaxing)
 .debug_str     0x000dd3ed      0xbeb Drivers/STM32L4xx_HAL_Driver/Src/stm32l4xx_hal.o
                              0xdd82b (size before relaxing)
 .debug_str     0x000ddfd8      0x371 Drivers/STM32L4xx_HAL_Driver/Src/stm32l4xx_hal_cortex.o
                              0xdd497 (size before relaxing)
 .debug_str     0x000de349      0x386 Drivers/STM32L4xx_HAL_Driver/Src/stm32l4xx_hal_flash.o
                              0xdcf2f (size before relaxing)
 .debug_str     0x000de6cf      0x270 Drivers/STM32L4xx_HAL_Driver/Src/stm32l4xx_hal_flash_ex.o
                              0xdcfd2 (size before relaxing)
 .debug_str     0x000de93f      0x2a2 Drivers/STM32L4xx_HAL_Driver/Src/stm32l4xx_hal_gpio.o
                              0xdcf4f (size before relaxing)
 .debug_str     0x000debe1      0x4ab Drivers/STM32L4xx_HAL_Driver/Src/stm32l4xx_hal_pwr_ex.o
                              0xdd1ac (size before relaxing)
 .debug_str     0x000df08c      0x51b Drivers/STM32L4xx_HAL_Driver/Src/stm32l4xx_hal_rcc.o
                              0xdd2f2 (size before relaxing)
 .debug_str     0x000df5a7      0x577 Drivers/STM32L4xx_HAL_Driver/Src/stm32l4xx_hal_spi.o
                              0xdd47a (size before relaxing)
 .debug_str     0x000dfb1e       0x25 Src/gpio.o
                              0xdcca6 (size before relaxing)
 .debug_str     0x000dfb43      0x410 Src/main.o
                              0xdde24 (size before relaxing)
 .debug_str     0x000dff53       0x17 Src/spi.o
                              0xdd0c7 (size before relaxing)
 .debug_str     0x000dff6a       0x1b Src/stm32l4xx_hal_msp.o
                              0xdd0e7 (size before relaxing)
 .debug_str     0x000dff85       0x38 Src/stm32l4xx_it.o
                              0xdcaa4 (size before relaxing)
 .debug_str     0x000dffbd       0x50 Src/system_stm32l4xx.o
                              0xdccc0 (size before relaxing)

.comment        0x00000000       0x6e
 .comment       0x00000000       0x6e Drivers/SPIFlashDriver/spi_flash.o
                                 0x6f (size before relaxing)
 .comment       0x0000006e       0x6f Drivers/SPIFlashDriver/winbond.o
 .comment       0x0000006e       0x6f Drivers/STM32L4xx_HAL_Driver/Src/stm32l4xx_hal.o
 .comment       0x0000006e       0x6f Drivers/STM32L4xx_HAL_Driver/Src/stm32l4xx_hal_cortex.o
 .comment       0x0000006e       0x6f Drivers/STM32L4xx_HAL_Driver/Src/stm32l4xx_hal_flash.o
 .comment       0x0000006e       0x6f Drivers/STM32L4xx_HAL_Driver/Src/stm32l4xx_hal_flash_ex.o
 .comment       0x0000006e       0x6f Drivers/STM32L4xx_HAL_Driver/Src/stm32l4xx_hal_gpio.o
 .comment       0x0000006e       0x6f Drivers/STM32L4xx_HAL_Driver/Src/stm32l4xx_hal_pwr_ex.o
 .comment       0x0000006e       0x6f Drivers/STM32L4xx_HAL_Driver/Src/stm32l4xx_hal_rcc.o
 .comment       0x0000006e       0x6f Drivers/STM32L4xx_HAL_Driver/Src/stm32l4xx_hal_spi.o
 .comment       0x0000006e       0x6f Src/gpio.o
 .comment       0x0000006e       0x6f Src/main.o
 .comment       0x0000006e       0x6f Src/spi.o
 .comment       0x0000006e       0x6f Src/stm32l4xx_hal_msp.o
 .comment       0x0000006e       0x6f Src/stm32l4xx_it.o
 .comment       0x0000006e       0x6f Src/system_stm32l4xx.o

.debug_frame    0x00000000     0x1608
 .debug_frame   0x00000000      0x1ac Drivers/SPIFlashDriver/spi_flash.o
 .debug_frame   0x000001ac       0x70 Drivers/SPIFlashDriver/winbond.o
 .debug_frame   0x0000021c      0x23c Drivers/STM32L4xx_HAL_Driver/Src/stm32l4xx_hal.o
 .debug_frame   0x00000458      0x134 Drivers/STM32L4xx_HAL_Driver/Src/stm32l4xx_hal_cortex.o
 .debug_frame   0x0000058c      0x144 Drivers/STM32L4xx_HAL_Driver/Src/stm32l4xx_hal_flash.o
 .debug_frame   0x000006d0      0x16c Drivers/STM32L4xx_HAL_Driver/Src/stm32l4xx_hal_flash_ex.o
 .debug_frame   0x0000083c       0xc4 Drivers/STM32L4xx_HAL_Driver/Src/stm32l4xx_hal_gpio.o
 .debug_frame   0x00000900      0x278 Drivers/STM32L4xx_HAL_Driver/Src/stm32l4xx_hal_pwr_ex.o
 .debug_frame   0x00000b78      0x14c Drivers/STM32L4xx_HAL_Driver/Src/stm32l4xx_hal_rcc.o
 .debug_frame   0x00000cc4      0x5a4 Drivers/STM32L4xx_HAL_Driver/Src/stm32l4xx_hal_spi.o
 .debug_frame   0x00001268       0x34 Src/gpio.o
 .debug_frame   0x0000129c       0xcc Src/main.o
 .debug_frame   0x00001368       0x6c Src/spi.o
 .debug_frame   0x000013d4       0x2c Src/stm32l4xx_hal_msp.o
 .debug_frame   0x00001400       0x28 Src/stm32l4xx_it.o
 .debug_frame   0x00001428       0x30 Src/system_stm32l4xx.o
 .debug_frame   0x00001458       0x2c c:/ac6/systemworkbench/plugins/fr.ac6.mcu.externaltools.arm-none.win32_1.13.1.201701261202/tools/compiler/bin/../lib/gcc/arm-none-eabi/5.4.1/../../../../arm-none-eabi/lib/armv7e-m/fpu\libc_nano.a(lib_a-init.o)
 .debug_frame   0x00001484       0x30 c:/ac6/systemworkbench/plugins/fr.ac6.mcu.externaltools.arm-none.win32_1.13.1.201701261202/tools/compiler/bin/../lib/gcc/arm-none-eabi/5.4.1/../../../../arm-none-eabi/lib/armv7e-m/fpu\libc_nano.a(lib_a-malloc.o)
 .debug_frame   0x000014b4       0x28 c:/ac6/systemworkbench/plugins/fr.ac6.mcu.externaltools.arm-none.win32_1.13.1.201701261202/tools/compiler/bin/../lib/gcc/arm-none-eabi/5.4.1/../../../../arm-none-eabi/lib/armv7e-m/fpu\libc_nano.a(lib_a-memcmp.o)
 .debug_frame   0x000014dc       0x28 c:/ac6/systemworkbench/plugins/fr.ac6.mcu.externaltools.arm-none.win32_1.13.1.201701261202/tools/compiler/bin/../lib/gcc/arm-none-eabi/5.4.1/../../../../arm-none-eabi/lib/armv7e-m/fpu\libc_nano.a(lib_a-memcpy-stub.o)
 .debug_frame   0x00001504       0x2c c:/ac6/systemworkbench/plugins/fr.ac6.mcu.externaltools.arm-none.win32_1.13.1.201701261202/tools/compiler/bin/../lib/gcc/arm-none-eabi/5.4.1/../../../../arm-none-eabi/lib/armv7e-m/fpu\libc_nano.a(lib_a-nano-mallocr.o)
 .debug_frame   0x00001530       0x2c c:/ac6/systemworkbench/plugins/fr.ac6.mcu.externaltools.arm-none.win32_1.13.1.201701261202/tools/compiler/bin/../lib/gcc/arm-none-eabi/5.4.1/../../../../arm-none-eabi/lib/armv7e-m/fpu\libc_nano.a(lib_a-sbrkr.o)
 .debug_frame   0x0000155c       0x30 c:/ac6/systemworkbench/plugins/fr.ac6.mcu.externaltools.arm-none.win32_1.13.1.201701261202/tools/compiler/bin/../lib/gcc/arm-none-eabi/5.4.1/../../../../arm-none-eabi/lib/armv7e-m/fpu\libc_nano.a(lib_a-mlock.o)
 .debug_frame   0x0000158c       0x5c c:/ac6/systemworkbench/plugins/fr.ac6.mcu.externaltools.arm-none.win32_1.13.1.201701261202/tools/compiler/bin/../lib/gcc/arm-none-eabi/5.4.1/../../../../arm-none-eabi/lib/armv7e-m/fpu\libc_nano.a(lib_a-reent.o)
 .debug_frame   0x000015e8       0x20 c:/ac6/systemworkbench/plugins/fr.ac6.mcu.externaltools.arm-none.win32_1.13.1.201701261202/tools/compiler/bin/../lib/gcc/arm-none-eabi/5.4.1/../../../../arm-none-eabi/lib/armv7e-m/fpu\libnosys.a(sbrk.o)
